 canvas

 Timestamp is 58a9bb5c (Sun Feb 19 18:35:56 2017)

 Preferred load address is 0000000180000000

 Start         Length     Name                   Class
 0001:00000000 000000c0H .text$di                CODE
 0001:000000c0 000297c0H .text$mn                CODE
 0001:00029880 000001e0H .text$mn$00             CODE
 0001:00029a60 00000690H .text$x                 CODE
 0001:0002a0f0 000000b1H .text$yd                CODE
 0002:00000000 000008d8H .idata$5                DATA
 0002:000008d8 00000010H .00cfg                  DATA
 0002:000008e8 00000008H .CRT$XCA                DATA
 0002:000008f0 00000038H .CRT$XCU                DATA
 0002:00000928 00000008H .CRT$XCZ                DATA
 0002:00000930 00000008H .CRT$XIA                DATA
 0002:00000938 00000018H .CRT$XIC                DATA
 0002:00000950 00000008H .CRT$XIZ                DATA
 0002:00000958 00000008H .CRT$XPA                DATA
 0002:00000960 00000010H .CRT$XPX                DATA
 0002:00000970 00000008H .CRT$XPXA               DATA
 0002:00000978 00000008H .CRT$XPZ                DATA
 0002:00000980 00000008H .CRT$XTA                DATA
 0002:00000988 00000008H .CRT$XTZ                DATA
 0002:00000990 0000b498H .rdata                  DATA
 0002:0000be28 0000037cH .rdata$r                DATA
 0002:0000c1a4 000003acH .rdata$zzzdbg           DATA
 0002:0000c550 00000008H .rtc$IAA                DATA
 0002:0000c558 00000008H .rtc$IZZ                DATA
 0002:0000c560 00000008H .rtc$TAA                DATA
 0002:0000c568 00000008H .rtc$TZZ                DATA
 0002:0000c570 00002a60H .xdata                  DATA
 0002:0000efd0 000001e0H .xdata$x                DATA
 0002:0000f1b0 00000050H .edata                  DATA
 0002:0000f200 00000064H .idata$2                DATA
 0002:0000f264 00000014H .idata$3                DATA
 0002:0000f278 000008d8H .idata$4                DATA
 0002:0000fb50 00002710H .idata$6                DATA
 0003:00000000 00000a60H .data                   DATA
 0003:00000a60 00000120H .data$r                 DATA
 0003:00000b80 00001204H .bss                    DATA
 0004:00000000 00002340H .pdata                  DATA
 0005:00000000 00000084H .gfids$x                DATA
 0005:00000084 00000050H .gfids$y                DATA
 0006:00000000 00000060H .rsrc$01                DATA
 0006:00000060 00000180H .rsrc$02                DATA

  Address         Publics by Value              Rva+Base               Lib:Object

 0000:00000000       __dynamic_value_reloc_table 0000000000000000     <absolute>
 0000:00000000       __guard_longjmp_table      0000000000000000     <absolute>
 0000:00000000       __guard_iat_count          0000000000000000     <absolute>
 0000:00000000       __guard_longjmp_count      0000000000000000     <absolute>
 0000:00000000       __guard_iat_table          0000000000000000     <absolute>
 0000:00000000       __guard_fids_count         0000000000000000     <absolute>
 0000:00000000       ___safe_se_handler_table   0000000000000000     <absolute>
 0000:00000000       ___safe_se_handler_count   0000000000000000     <absolute>
 0000:00000000       __guard_fids_table         0000000000000000     <absolute>
 0000:00000100       __guard_flags              0000000000000100     <absolute>
 0000:00000000       __ImageBase                0000000180000000     <linker-defined>
 0001:00000330       ?NewInstance@Nan@@YA?AV?$MaybeLocal@VObject@v8@@@v8@@V?$Local@VObjectTemplate@v8@@@3@@Z 0000000180001330 f i Canvas.obj
 0001:000003b0       ?Set@Nan@@YA?AV?$Maybe@_N@v8@@V?$Local@VObject@v8@@@3@V?$Local@VValue@v8@@@3@1@Z 00000001800013b0 f i Canvas.obj
 0001:00000440       ?Call@Nan@@YA?AV?$MaybeLocal@VValue@v8@@@v8@@V?$Local@VFunction@v8@@@3@V?$Local@VObject@v8@@@3@HQEAV?$Local@VValue@v8@@@3@@Z 0000000180001440 f i Canvas.obj
 0001:000004f0       ?convert@?$ToFactory@VUint32@v8@@@imp@Nan@@SA?AV?$MaybeLocal@VUint32@v8@@@v8@@V?$Local@VValue@v8@@@5@@Z 00000001800014f0 f i Canvas.obj
 0001:00000580       ?New@?$Factory@VFunctionTemplate@v8@@@imp@Nan@@SA?AV?$Local@VFunctionTemplate@v8@@@v8@@P6AXAEBV?$FunctionCallbackInfo@VValue@v8@@@3@@ZV?$Local@VValue@v8@@@5@V?$Local@VSignature@v8@@@5@@Z 0000000180001580 f i Canvas.obj
 0001:00000700       ??1HandleScope@Nan@@QEAA@XZ 0000000180001700 f i Canvas.obj
 0001:00000700       ??1EscapableHandleScope@Nan@@QEAA@XZ 0000000180001700 f i Canvas.obj
 0001:00000710       ?ThrowRangeError@Nan@@YAXPEBD@Z 0000000180001710 f i Canvas.obj
 0001:000007b0       ?ThrowTypeError@Nan@@YAXPEBD@Z 00000001800017b0 f i Canvas.obj
 0001:00000850       ?Call@Callback@Nan@@QEBA?AV?$Local@VValue@v8@@@v8@@HQEAV34@@Z 0000000180001850 f i Canvas.obj
 0001:00000900       ?Call_@Callback@Nan@@AEBA?AV?$Local@VValue@v8@@@v8@@PEAVIsolate@4@V?$Local@VObject@v8@@@4@HQEAV34@@Z 0000000180001900 f i Canvas.obj
 0001:000009c0       ??_GCallback@Nan@@QEAAPEAXI@Z 00000001800019c0 f i Canvas.obj
 0001:00000a00       ?SetPrototypeMethod@Nan@@YAXV?$Local@VFunctionTemplate@v8@@@v8@@PEBDP6AXAEBV?$FunctionCallbackInfo@VValue@v8@@@1@@Z@Z 0000000180001a00 f i Canvas.obj
 0001:00000b10       ?SetAccessor@Nan@@YAXV?$Local@VObjectTemplate@v8@@@v8@@V?$Local@VString@v8@@@3@P6AX1AEBV?$PropertyCallbackInfo@VValue@v8@@@1@@ZP6AX1V?$Local@VValue@v8@@@3@AEBV?$PropertyCallbackInfo@X@1@@Z4W4AccessControl@3@W4PropertyAttribute@3@V?$Local@VAccessorSignature@v8@@@3@@Z 0000000180001b10 f i Canvas.obj
 0001:00000c80       ??1ObjectWrap@Nan@@UEAA@XZ 0000000180001c80 f i Canvas.obj
 0001:00000d00       ?Wrap@ObjectWrap@Nan@@IEAAXV?$Local@VObject@v8@@@v8@@@Z 0000000180001d00 f i Canvas.obj
 0001:00000de0       ?Ref@ObjectWrap@Nan@@MEAAXXZ 0000000180001de0 f i Canvas.obj
 0001:00000e20       ?Unref@ObjectWrap@Nan@@MEAAXXZ 0000000180001e20 f i Canvas.obj
 0001:00000ed0       ?WeakCallback@ObjectWrap@Nan@@CAXAEBV?$WeakCallbackInfo@VObjectWrap@Nan@@@v8@@@Z 0000000180001ed0 f i Canvas.obj
 0001:00000f60       ??_EObjectWrap@Nan@@UEAAPEAXI@Z 0000000180001f60 f i * CIL library *:* CIL module *
 0001:00000f60       ??_GImageData@@UEAAPEAXI@Z 0000000180001f60 f i ImageData.obj
 0001:00000f60       ??_GObjectWrap@Nan@@UEAAPEAXI@Z 0000000180001f60 f i Canvas.obj
 0001:00000f60       ??_EImageData@@UEAAPEAXI@Z 0000000180001f60 f i * CIL library *:* CIL module *
 0001:00000f90       ?closure_init@@YA?AW4_cairo_status@@PEAUclosure_t@@PEAVCanvas@@II@Z 0000000180001f90 f   Canvas.obj
 0001:00001000       ?closure_destroy@@YAXPEAUclosure_t@@@Z 0000000180002000 f   Canvas.obj
 0001:00001060       ?stream_pdf_free@@YAXPEADPEAX@Z 0000000180002060 f   Canvas.obj
 0001:00001060       __except_validate_jump_buffer 0000000180002060 f   libvcruntime:jbcxrval.obj
 0001:00001060       __except_validate_context_record 0000000180002060 f   libvcruntime:jbcxrval.obj
 0001:00001060       _guard_check_icall_nop     0000000180002060 f   LIBCMT:guard_support.obj
 0001:00001500       ?Initialize@Canvas@@SAXV?$Local@VObject@v8@@@v8@@@Z 0000000180002500 f   Canvas.obj
 0001:00001cc0       ?New@Canvas@@SAXAEBV?$FunctionCallbackInfo@VValue@v8@@@Nan@@@Z 0000000180002cc0 f   Canvas.obj
 0001:00001f50       ?GetType@Canvas@@SAXV?$Local@VString@v8@@@v8@@AEBV?$PropertyCallbackInfo@VValue@v8@@@Nan@@@Z 0000000180002f50 f   Canvas.obj
 0001:00002000       ?GetStride@Canvas@@SAXV?$Local@VString@v8@@@v8@@AEBV?$PropertyCallbackInfo@VValue@v8@@@Nan@@@Z 0000000180003000 f   Canvas.obj
 0001:00002080       ?GetWidth@Canvas@@SAXV?$Local@VString@v8@@@v8@@AEBV?$PropertyCallbackInfo@VValue@v8@@@Nan@@@Z 0000000180003080 f   Canvas.obj
 0001:00002080       ?GetWidth@ImageData@@SAXV?$Local@VString@v8@@@v8@@AEBV?$PropertyCallbackInfo@VValue@v8@@@Nan@@@Z 0000000180003080 f   ImageData.obj
 0001:00002100       ?SetWidth@Canvas@@SAXV?$Local@VString@v8@@@v8@@V?$Local@VValue@v8@@@3@AEBV?$PropertyCallbackInfo@X@Nan@@@Z 0000000180003100 f   Canvas.obj
 0001:00002160       ?GetHeight@ImageData@@SAXV?$Local@VString@v8@@@v8@@AEBV?$PropertyCallbackInfo@VValue@v8@@@Nan@@@Z 0000000180003160 f   ImageData.obj
 0001:00002160       ?GetHeight@Canvas@@SAXV?$Local@VString@v8@@@v8@@AEBV?$PropertyCallbackInfo@VValue@v8@@@Nan@@@Z 0000000180003160 f   Canvas.obj
 0001:000021e0       ?SetHeight@Canvas@@SAXV?$Local@VString@v8@@@v8@@V?$Local@VValue@v8@@@3@AEBV?$PropertyCallbackInfo@X@Nan@@@Z 00000001800031e0 f   Canvas.obj
 0001:000022c0       ?ToBufferAsync@Canvas@@SAXPEAUuv_work_s@@@Z 00000001800032c0 f   Canvas.obj
 0001:00002330       ?ToBufferAsyncAfter@Canvas@@SAXPEAUuv_work_s@@@Z 0000000180003330 f   Canvas.obj
 0001:00002500       ?ToBuffer@Canvas@@SAXAEBV?$FunctionCallbackInfo@VValue@v8@@@Nan@@@Z 0000000180003500 f   Canvas.obj
 0001:00002d70       ??1TryCatch@Nan@@QEAA@XZ   0000000180003d70 f i Canvas.obj
 0001:00002ef0       ?StreamPNGSync@Canvas@@SAXAEBV?$FunctionCallbackInfo@VValue@v8@@@Nan@@@Z 0000000180003ef0 f   Canvas.obj
 0001:000035b0       ?StreamPDFSync@Canvas@@SAXAEBV?$FunctionCallbackInfo@VValue@v8@@@Nan@@@Z 00000001800045b0 f   Canvas.obj
 0001:000037d0       ??0Canvas@@QEAA@HHW4canvas_type_t@@@Z 00000001800047d0 f   Canvas.obj
 0001:000039f0       ??_GCanvas@@EEAAPEAXI@Z    00000001800049f0 f i Canvas.obj
 0001:000039f0       ??_ECanvas@@EEAAPEAXI@Z    00000001800049f0 f i * CIL library *:* CIL module *
 0001:00003a20       ??1Canvas@@EEAA@XZ         0000000180004a20 f   Canvas.obj
 0001:00003ae0       ?resurface@Canvas@@QEAAXV?$Local@VObject@v8@@@v8@@@Z 0000000180004ae0 f   Canvas.obj
 0001:00003d30       ??$Unwrap@VCanvas@@@ObjectWrap@Nan@@SAPEAVCanvas@@V?$Local@VObject@v8@@@v8@@@Z 0000000180004d30 f i Canvas.obj
 0001:00003d30       ??$Unwrap@VGradient@@@ObjectWrap@Nan@@SAPEAVGradient@@V?$Local@VObject@v8@@@v8@@@Z 0000000180004d30 f i CanvasGradient.obj
 0001:00003d30       ??$Unwrap@VImage@@@ObjectWrap@Nan@@SAPEAVImage@@V?$Local@VObject@v8@@@v8@@@Z 0000000180004d30 f i CanvasPattern.obj
 0001:00003d30       ??$Unwrap@VPattern@@@ObjectWrap@Nan@@SAPEAVPattern@@V?$Local@VObject@v8@@@v8@@@Z 0000000180004d30 f i CanvasRenderingContext2d.obj
 0001:00003d30       ??$Unwrap@VContext2d@@@ObjectWrap@Nan@@SAPEAVContext2d@@V?$Local@VObject@v8@@@v8@@@Z 0000000180004d30 f i Canvas.obj
 0001:00003d30       ??$Unwrap@VImageData@@@ObjectWrap@Nan@@SAPEAVImageData@@V?$Local@VObject@v8@@@v8@@@Z 0000000180004d30 f i CanvasRenderingContext2d.obj
 0001:00003db0       ?Initialize@Gradient@@SAXV?$Local@VObject@v8@@@v8@@@Z 0000000180004db0 f   CanvasGradient.obj
 0001:00003f40       ?New@Gradient@@SAXAEBV?$FunctionCallbackInfo@VValue@v8@@@Nan@@@Z 0000000180004f40 f   CanvasGradient.obj
 0001:00004260       ?AddColorStop@Gradient@@SAXAEBV?$FunctionCallbackInfo@VValue@v8@@@Nan@@@Z 0000000180005260 f   CanvasGradient.obj
 0001:00004460       ??_GPattern@@EEAAPEAXI@Z   0000000180005460 f i CanvasPattern.obj
 0001:00004460       ??_EPattern@@EEAAPEAXI@Z   0000000180005460 f i * CIL library *:* CIL module *
 0001:00004460       ??_EGradient@@EEAAPEAXI@Z  0000000180005460 f i * CIL library *:* CIL module *
 0001:00004460       ??_GGradient@@EEAAPEAXI@Z  0000000180005460 f i CanvasGradient.obj
 0001:000044b0       ?ThrowError@Nan@@YAXPEBD@Z 00000001800054b0 f i CanvasPattern.obj
 0001:00004550       ?Initialize@Pattern@@SAXV?$Local@VObject@v8@@@v8@@@Z 0000000180005550 f   CanvasPattern.obj
 0001:00004700       ?New@Pattern@@SAXAEBV?$FunctionCallbackInfo@VValue@v8@@@Nan@@@Z 0000000180005700 f   CanvasPattern.obj
 0001:000048d0       ?NewInstance@Nan@@YA?AV?$MaybeLocal@VObject@v8@@@v8@@V?$Local@VFunction@v8@@@3@HQEAV?$Local@VValue@v8@@@3@@Z 00000001800058d0 f i CanvasRenderingContext2d.obj
 0001:00004980       ?GetFunction@Nan@@YA?AV?$MaybeLocal@VFunction@v8@@@v8@@V?$Local@VFunctionTemplate@v8@@@3@@Z 0000000180005980 f i CanvasRenderingContext2d.obj
 0001:00004a00       ?convert@?$ToFactory@VInt32@v8@@@imp@Nan@@SA?AV?$MaybeLocal@VInt32@v8@@@v8@@V?$Local@VValue@v8@@@5@@Z 0000000180005a00 f i CanvasRenderingContext2d.obj
 0001:00004a90       ?Initialize@Context2d@@SAXV?$Local@VObject@v8@@@v8@@@Z 0000000180005a90 f   CanvasRenderingContext2d.obj
 0001:000056a0       ??0Context2d@@QEAA@PEAVCanvas@@@Z 00000001800066a0 f   CanvasRenderingContext2d.obj
 0001:000057e0       ??_EContext2d@@EEAAPEAXI@Z 00000001800067e0 f i * CIL library *:* CIL module *
 0001:000057e0       ??_GContext2d@@EEAAPEAXI@Z 00000001800067e0 f i CanvasRenderingContext2d.obj
 0001:00005850       ?saveState@Context2d@@QEAAXXZ 0000000180006850 f   CanvasRenderingContext2d.obj
 0001:00005920       ?savePath@Context2d@@QEAAXXZ 0000000180006920 f   CanvasRenderingContext2d.obj
 0001:00005950       ?restorePath@Context2d@@QEAAXXZ 0000000180006950 f   CanvasRenderingContext2d.obj
 0001:00005990       ?setFillRule@Context2d@@QEAAXV?$Local@VValue@v8@@@v8@@@Z 0000000180006990 f i CanvasRenderingContext2d.obj
 0001:00005a40       ?fill@Context2d@@QEAAX_N@Z 0000000180006a40 f   CanvasRenderingContext2d.obj
 0001:00005bd0       ?stroke@Context2d@@QEAAX_N@Z 0000000180006bd0 f   CanvasRenderingContext2d.obj
 0001:00005d60       ?shadow@Context2d@@QEAAXP6AXPEAU_cairo@@@Z@Z 0000000180006d60 f   CanvasRenderingContext2d.obj
 0001:00006120       ?blur@Context2d@@QEAAXPEAU_cairo_surface@@H@Z 0000000180007120 f   CanvasRenderingContext2d.obj
 0001:000066f0       ?New@Context2d@@SAXAEBV?$FunctionCallbackInfo@VValue@v8@@@Nan@@@Z 00000001800076f0 f   CanvasRenderingContext2d.obj
 0001:00006820       ?AddPage@Context2d@@SAXAEBV?$FunctionCallbackInfo@VValue@v8@@@Nan@@@Z 0000000180007820 f   CanvasRenderingContext2d.obj
 0001:00006870       ?PutImageData@Context2d@@SAXAEBV?$FunctionCallbackInfo@VValue@v8@@@Nan@@@Z 0000000180007870 f   CanvasRenderingContext2d.obj
 0001:00006ff0       ?GetImageData@Context2d@@SAXAEBV?$FunctionCallbackInfo@VValue@v8@@@Nan@@@Z 0000000180007ff0 f   CanvasRenderingContext2d.obj
 0001:000076d0       ?DrawImage@Context2d@@SAXAEBV?$FunctionCallbackInfo@VValue@v8@@@Nan@@@Z 00000001800086d0 f   CanvasRenderingContext2d.obj
 0001:00007f00       ?GetGlobalAlpha@Context2d@@SAXV?$Local@VString@v8@@@v8@@AEBV?$PropertyCallbackInfo@VValue@v8@@@Nan@@@Z 0000000180008f00 f   CanvasRenderingContext2d.obj
 0001:00007f80       ?SetGlobalAlpha@Context2d@@SAXV?$Local@VString@v8@@@v8@@V?$Local@VValue@v8@@@3@AEBV?$PropertyCallbackInfo@X@Nan@@@Z 0000000180008f80 f   CanvasRenderingContext2d.obj
 0001:00007fe0       ?GetGlobalCompositeOperation@Context2d@@SAXV?$Local@VString@v8@@@v8@@AEBV?$PropertyCallbackInfo@VValue@v8@@@Nan@@@Z 0000000180008fe0 f   CanvasRenderingContext2d.obj
 0001:00008240       ?SetPatternQuality@Context2d@@SAXV?$Local@VString@v8@@@v8@@V?$Local@VValue@v8@@@3@AEBV?$PropertyCallbackInfo@X@Nan@@@Z 0000000180009240 f   CanvasRenderingContext2d.obj
 0001:000083c0       ?GetPatternQuality@Context2d@@SAXV?$Local@VString@v8@@@v8@@AEBV?$PropertyCallbackInfo@VValue@v8@@@Nan@@@Z 00000001800093c0 f   CanvasRenderingContext2d.obj
 0001:00008490       ?SetGlobalCompositeOperation@Context2d@@SAXV?$Local@VString@v8@@@v8@@V?$Local@VValue@v8@@@3@AEBV?$PropertyCallbackInfo@X@Nan@@@Z 0000000180009490 f   CanvasRenderingContext2d.obj
 0001:000088d0       ?GetShadowOffsetX@Context2d@@SAXV?$Local@VString@v8@@@v8@@AEBV?$PropertyCallbackInfo@VValue@v8@@@Nan@@@Z 00000001800098d0 f   CanvasRenderingContext2d.obj
 0001:00008950       ?SetShadowOffsetX@Context2d@@SAXV?$Local@VString@v8@@@v8@@V?$Local@VValue@v8@@@3@AEBV?$PropertyCallbackInfo@X@Nan@@@Z 0000000180009950 f   CanvasRenderingContext2d.obj
 0001:00008990       ?GetShadowOffsetY@Context2d@@SAXV?$Local@VString@v8@@@v8@@AEBV?$PropertyCallbackInfo@VValue@v8@@@Nan@@@Z 0000000180009990 f   CanvasRenderingContext2d.obj
 0001:00008a10       ?SetShadowOffsetY@Context2d@@SAXV?$Local@VString@v8@@@v8@@V?$Local@VValue@v8@@@3@AEBV?$PropertyCallbackInfo@X@Nan@@@Z 0000000180009a10 f   CanvasRenderingContext2d.obj
 0001:00008a50       ?GetShadowBlur@Context2d@@SAXV?$Local@VString@v8@@@v8@@AEBV?$PropertyCallbackInfo@VValue@v8@@@Nan@@@Z 0000000180009a50 f   CanvasRenderingContext2d.obj
 0001:00008ad0       ?SetShadowBlur@Context2d@@SAXV?$Local@VString@v8@@@v8@@V?$Local@VValue@v8@@@3@AEBV?$PropertyCallbackInfo@X@Nan@@@Z 0000000180009ad0 f   CanvasRenderingContext2d.obj
 0001:00008b20       ?GetAntiAlias@Context2d@@SAXV?$Local@VString@v8@@@v8@@AEBV?$PropertyCallbackInfo@VValue@v8@@@Nan@@@Z 0000000180009b20 f   CanvasRenderingContext2d.obj
 0001:00008bf0       ?SetAntiAlias@Context2d@@SAXV?$Local@VString@v8@@@v8@@V?$Local@VValue@v8@@@3@AEBV?$PropertyCallbackInfo@X@Nan@@@Z 0000000180009bf0 f   CanvasRenderingContext2d.obj
 0001:00008d00       ?GetTextDrawingMode@Context2d@@SAXV?$Local@VString@v8@@@v8@@AEBV?$PropertyCallbackInfo@VValue@v8@@@Nan@@@Z 0000000180009d00 f   CanvasRenderingContext2d.obj
 0001:00008dc0       ?SetTextDrawingMode@Context2d@@SAXV?$Local@VString@v8@@@v8@@V?$Local@VValue@v8@@@3@AEBV?$PropertyCallbackInfo@X@Nan@@@Z 0000000180009dc0 f   CanvasRenderingContext2d.obj
 0001:00008e90       ?GetFilter@Context2d@@SAXV?$Local@VString@v8@@@v8@@AEBV?$PropertyCallbackInfo@VValue@v8@@@Nan@@@Z 0000000180009e90 f   CanvasRenderingContext2d.obj
 0001:00008f70       ?SetFilter@Context2d@@SAXV?$Local@VString@v8@@@v8@@V?$Local@VValue@v8@@@3@AEBV?$PropertyCallbackInfo@X@Nan@@@Z 0000000180009f70 f   CanvasRenderingContext2d.obj
 0001:00009080       ?GetMiterLimit@Context2d@@SAXV?$Local@VString@v8@@@v8@@AEBV?$PropertyCallbackInfo@VValue@v8@@@Nan@@@Z 000000018000a080 f   CanvasRenderingContext2d.obj
 0001:00009100       ?SetMiterLimit@Context2d@@SAXV?$Local@VString@v8@@@v8@@V?$Local@VValue@v8@@@3@AEBV?$PropertyCallbackInfo@X@Nan@@@Z 000000018000a100 f   CanvasRenderingContext2d.obj
 0001:00009150       ?GetLineWidth@Context2d@@SAXV?$Local@VString@v8@@@v8@@AEBV?$PropertyCallbackInfo@VValue@v8@@@Nan@@@Z 000000018000a150 f   CanvasRenderingContext2d.obj
 0001:000091d0       ?SetLineWidth@Context2d@@SAXV?$Local@VString@v8@@@v8@@V?$Local@VValue@v8@@@3@AEBV?$PropertyCallbackInfo@X@Nan@@@Z 000000018000a1d0 f   CanvasRenderingContext2d.obj
 0001:00009230       ?GetLineJoin@Context2d@@SAXV?$Local@VString@v8@@@v8@@AEBV?$PropertyCallbackInfo@VValue@v8@@@Nan@@@Z 000000018000a230 f   CanvasRenderingContext2d.obj
 0001:000092f0       ?SetLineJoin@Context2d@@SAXV?$Local@VString@v8@@@v8@@V?$Local@VValue@v8@@@3@AEBV?$PropertyCallbackInfo@X@Nan@@@Z 000000018000a2f0 f   CanvasRenderingContext2d.obj
 0001:000093a0       ?GetLineCap@Context2d@@SAXV?$Local@VString@v8@@@v8@@AEBV?$PropertyCallbackInfo@VValue@v8@@@Nan@@@Z 000000018000a3a0 f   CanvasRenderingContext2d.obj
 0001:00009460       ?SetLineCap@Context2d@@SAXV?$Local@VString@v8@@@v8@@V?$Local@VValue@v8@@@3@AEBV?$PropertyCallbackInfo@X@Nan@@@Z 000000018000a460 f   CanvasRenderingContext2d.obj
 0001:00009510       ?IsPointInPath@Context2d@@SAXAEBV?$FunctionCallbackInfo@VValue@v8@@@Nan@@@Z 000000018000a510 f   CanvasRenderingContext2d.obj
 0001:000096c0       ?SetFillPattern@Context2d@@SAXAEBV?$FunctionCallbackInfo@VValue@v8@@@Nan@@@Z 000000018000a6c0 f   CanvasRenderingContext2d.obj
 0001:00009800       ?SetStrokePattern@Context2d@@SAXAEBV?$FunctionCallbackInfo@VValue@v8@@@Nan@@@Z 000000018000a800 f   CanvasRenderingContext2d.obj
 0001:00009940       ?SetShadowColor@Context2d@@SAXV?$Local@VString@v8@@@v8@@V?$Local@VValue@v8@@@3@AEBV?$PropertyCallbackInfo@X@Nan@@@Z 000000018000a940 f   CanvasRenderingContext2d.obj
 0001:00009a40       ?GetShadowColor@Context2d@@SAXV?$Local@VString@v8@@@v8@@AEBV?$PropertyCallbackInfo@VValue@v8@@@Nan@@@Z 000000018000aa40 f   CanvasRenderingContext2d.obj
 0001:00009bc0       ?SetFillColor@Context2d@@SAXAEBV?$FunctionCallbackInfo@VValue@v8@@@Nan@@@Z 000000018000abc0 f   CanvasRenderingContext2d.obj
 0001:00009d10       ?GetFillColor@Context2d@@SAXV?$Local@VString@v8@@@v8@@AEBV?$PropertyCallbackInfo@VValue@v8@@@Nan@@@Z 000000018000ad10 f   CanvasRenderingContext2d.obj
 0001:00009e90       ?SetStrokeColor@Context2d@@SAXAEBV?$FunctionCallbackInfo@VValue@v8@@@Nan@@@Z 000000018000ae90 f   CanvasRenderingContext2d.obj
 0001:00009fe0       ?GetStrokeColor@Context2d@@SAXV?$Local@VString@v8@@@v8@@AEBV?$PropertyCallbackInfo@VValue@v8@@@Nan@@@Z 000000018000afe0 f   CanvasRenderingContext2d.obj
 0001:0000a160       ?BezierCurveTo@Context2d@@SAXAEBV?$FunctionCallbackInfo@VValue@v8@@@Nan@@@Z 000000018000b160 f   CanvasRenderingContext2d.obj
 0001:0000a440       ?QuadraticCurveTo@Context2d@@SAXAEBV?$FunctionCallbackInfo@VValue@v8@@@Nan@@@Z 000000018000b440 f   CanvasRenderingContext2d.obj
 0001:0000a6c0       ?Save@Context2d@@SAXAEBV?$FunctionCallbackInfo@VValue@v8@@@Nan@@@Z 000000018000b6c0 f   CanvasRenderingContext2d.obj
 0001:0000a700       ?Restore@Context2d@@SAXAEBV?$FunctionCallbackInfo@VValue@v8@@@Nan@@@Z 000000018000b700 f   CanvasRenderingContext2d.obj
 0001:0000a770       ?BeginPath@Context2d@@SAXAEBV?$FunctionCallbackInfo@VValue@v8@@@Nan@@@Z 000000018000b770 f   CanvasRenderingContext2d.obj
 0001:0000a7a0       ?ClosePath@Context2d@@SAXAEBV?$FunctionCallbackInfo@VValue@v8@@@Nan@@@Z 000000018000b7a0 f   CanvasRenderingContext2d.obj
 0001:0000a7d0       ?Rotate@Context2d@@SAXAEBV?$FunctionCallbackInfo@VValue@v8@@@Nan@@@Z 000000018000b7d0 f   CanvasRenderingContext2d.obj
 0001:0000a860       ?Transform@Context2d@@SAXAEBV?$FunctionCallbackInfo@VValue@v8@@@Nan@@@Z 000000018000b860 f   CanvasRenderingContext2d.obj
 0001:0000ab50       ?ResetTransform@Context2d@@SAXAEBV?$FunctionCallbackInfo@VValue@v8@@@Nan@@@Z 000000018000bb50 f   CanvasRenderingContext2d.obj
 0001:0000ab80       ?Translate@Context2d@@SAXAEBV?$FunctionCallbackInfo@VValue@v8@@@Nan@@@Z 000000018000bb80 f   CanvasRenderingContext2d.obj
 0001:0000ac80       ?Scale@Context2d@@SAXAEBV?$FunctionCallbackInfo@VValue@v8@@@Nan@@@Z 000000018000bc80 f   CanvasRenderingContext2d.obj
 0001:0000ad80       ?Clip@Context2d@@SAXAEBV?$FunctionCallbackInfo@VValue@v8@@@Nan@@@Z 000000018000bd80 f   CanvasRenderingContext2d.obj
 0001:0000ade0       ?Fill@Context2d@@SAXAEBV?$FunctionCallbackInfo@VValue@v8@@@Nan@@@Z 000000018000bde0 f   CanvasRenderingContext2d.obj
 0001:0000ae40       ?Stroke@Context2d@@SAXAEBV?$FunctionCallbackInfo@VValue@v8@@@Nan@@@Z 000000018000be40 f   CanvasRenderingContext2d.obj
 0001:0000ae70       ?FillText@Context2d@@SAXAEBV?$FunctionCallbackInfo@VValue@v8@@@Nan@@@Z 000000018000be70 f   CanvasRenderingContext2d.obj
 0001:0000b040       ?StrokeText@Context2d@@SAXAEBV?$FunctionCallbackInfo@VValue@v8@@@Nan@@@Z 000000018000c040 f   CanvasRenderingContext2d.obj
 0001:0000b210       ?setTextPath@Context2d@@QEAAXPEBDNN@Z 000000018000c210 f   CanvasRenderingContext2d.obj
 0001:0000b390       ?LineTo@Context2d@@SAXAEBV?$FunctionCallbackInfo@VValue@v8@@@Nan@@@Z 000000018000c390 f   CanvasRenderingContext2d.obj
 0001:0000b490       ?MoveTo@Context2d@@SAXAEBV?$FunctionCallbackInfo@VValue@v8@@@Nan@@@Z 000000018000c490 f   CanvasRenderingContext2d.obj
 0001:0000b590       ?SetFont@Context2d@@SAXAEBV?$FunctionCallbackInfo@VValue@v8@@@Nan@@@Z 000000018000c590 f   CanvasRenderingContext2d.obj
 0001:0000b8d0       ?MeasureText@Context2d@@SAXAEBV?$FunctionCallbackInfo@VValue@v8@@@Nan@@@Z 000000018000c8d0 f   CanvasRenderingContext2d.obj
 0001:0000bdb0       ?SetTextBaseline@Context2d@@SAXAEBV?$FunctionCallbackInfo@VValue@v8@@@Nan@@@Z 000000018000cdb0 f   CanvasRenderingContext2d.obj
 0001:0000be30       ?SetTextAlignment@Context2d@@SAXAEBV?$FunctionCallbackInfo@VValue@v8@@@Nan@@@Z 000000018000ce30 f   CanvasRenderingContext2d.obj
 0001:0000beb0       ?SetLineDash@Context2d@@SAXAEBV?$FunctionCallbackInfo@VValue@v8@@@Nan@@@Z 000000018000ceb0 f   CanvasRenderingContext2d.obj
 0001:0000c190       ?GetLineDash@Context2d@@SAXAEBV?$FunctionCallbackInfo@VValue@v8@@@Nan@@@Z 000000018000d190 f   CanvasRenderingContext2d.obj
 0001:0000c3e0       ?SetLineDashOffset@Context2d@@SAXV?$Local@VString@v8@@@v8@@V?$Local@VValue@v8@@@3@AEBV?$PropertyCallbackInfo@X@Nan@@@Z 000000018000d3e0 f   CanvasRenderingContext2d.obj
 0001:0000c580       ?GetLineDashOffset@Context2d@@SAXV?$Local@VString@v8@@@v8@@AEBV?$PropertyCallbackInfo@VValue@v8@@@Nan@@@Z 000000018000d580 f   CanvasRenderingContext2d.obj
 0001:0000c610       ?FillRect@Context2d@@SAXAEBV?$FunctionCallbackInfo@VValue@v8@@@Nan@@@Z 000000018000d610 f   CanvasRenderingContext2d.obj
 0001:0000c810       ?StrokeRect@Context2d@@SAXAEBV?$FunctionCallbackInfo@VValue@v8@@@Nan@@@Z 000000018000d810 f   CanvasRenderingContext2d.obj
 0001:0000ca10       ?ClearRect@Context2d@@SAXAEBV?$FunctionCallbackInfo@VValue@v8@@@Nan@@@Z 000000018000da10 f   CanvasRenderingContext2d.obj
 0001:0000cc30       ?Rect@Context2d@@SAXAEBV?$FunctionCallbackInfo@VValue@v8@@@Nan@@@Z 000000018000dc30 f   CanvasRenderingContext2d.obj
 0001:0000ce50       ?Arc@Context2d@@SAXAEBV?$FunctionCallbackInfo@VValue@v8@@@Nan@@@Z 000000018000de50 f   CanvasRenderingContext2d.obj
 0001:0000d200       ?ArcTo@Context2d@@SAXAEBV?$FunctionCallbackInfo@VValue@v8@@@Nan@@@Z 000000018000e200 f   CanvasRenderingContext2d.obj
 0001:0000d8b0       ??1?$vector@NV?$allocator@N@std@@@std@@QEAA@XZ 000000018000e8b0 f i CanvasRenderingContext2d.obj
 0001:0000d8c0       ??0?$TypedArrayContents@E@Nan@@QEAA@V?$Local@VValue@v8@@@v8@@@Z 000000018000e8c0 f i CanvasRenderingContext2d.obj
 0001:0000d980       ?_Tidy@?$vector@NV?$allocator@N@std@@@std@@IEAAXXZ 000000018000e980 f i CanvasRenderingContext2d.obj
 0001:0000da20       __local_stdio_printf_options 000000018000ea20 f i color.obj
 0001:0000da30       snprintf                   000000018000ea30 f i color.obj
 0001:0000e800       ?rgba_from_string@@YAHPEBDPEAF@Z 000000018000f800 f   color.obj
 0001:0000ead0       ?Initialize@Image@@SAXV?$Local@VObject@v8@@@v8@@@Z 000000018000fad0 f   Image.obj
 0001:0000f150       ?New@Image@@SAXAEBV?$FunctionCallbackInfo@VValue@v8@@@Nan@@@Z 0000000180010150 f   Image.obj
 0001:0000f220       ?GetComplete@Image@@SAXV?$Local@VString@v8@@@v8@@AEBV?$PropertyCallbackInfo@VValue@v8@@@Nan@@@Z 0000000180010220 f   Image.obj
 0001:0000f290       ?GetDataMode@Image@@SAXV?$Local@VString@v8@@@v8@@AEBV?$PropertyCallbackInfo@VValue@v8@@@Nan@@@Z 0000000180010290 f   Image.obj
 0001:0000f310       ?SetDataMode@Image@@SAXV?$Local@VString@v8@@@v8@@V?$Local@VValue@v8@@@3@AEBV?$PropertyCallbackInfo@X@Nan@@@Z 0000000180010310 f   Image.obj
 0001:0000f350       ?GetWidth@Image@@SAXV?$Local@VString@v8@@@v8@@AEBV?$PropertyCallbackInfo@VValue@v8@@@Nan@@@Z 0000000180010350 f   Image.obj
 0001:0000f3d0       ?GetHeight@Image@@SAXV?$Local@VString@v8@@@v8@@AEBV?$PropertyCallbackInfo@VValue@v8@@@Nan@@@Z 00000001800103d0 f   Image.obj
 0001:0000f450       ?GetSource@Image@@SAXV?$Local@VString@v8@@@v8@@AEBV?$PropertyCallbackInfo@VValue@v8@@@Nan@@@Z 0000000180010450 f   Image.obj
 0001:0000f4f0       ?clearData@Image@@QEAAXXZ  00000001800104f0 f   Image.obj
 0001:0000f580       ?SetSource@Image@@SAXV?$Local@VString@v8@@@v8@@V?$Local@VValue@v8@@@3@AEBV?$PropertyCallbackInfo@X@Nan@@@Z 0000000180010580 f   Image.obj
 0001:0000f760       ?loadFromBuffer@Image@@QEAA?AW4_cairo_status@@PEAEI@Z 0000000180010760 f   Image.obj
 0001:0000f7f0       ?readPNG@Image@@SA?AW4_cairo_status@@PEAXPEAEI@Z 00000001800107f0 f   Image.obj
 0001:0000f830       ?GetOnload@Image@@SAXV?$Local@VString@v8@@@v8@@AEBV?$PropertyCallbackInfo@VValue@v8@@@Nan@@@Z 0000000180010830 f   Image.obj
 0001:0000f8c0       ?SetOnload@Image@@SAXV?$Local@VString@v8@@@v8@@V?$Local@VValue@v8@@@3@AEBV?$PropertyCallbackInfo@X@Nan@@@Z 00000001800108c0 f   Image.obj
 0001:0000f9a0       ?GetOnerror@Image@@SAXV?$Local@VString@v8@@@v8@@AEBV?$PropertyCallbackInfo@VValue@v8@@@Nan@@@Z 00000001800109a0 f   Image.obj
 0001:0000fa30       ?SetOnerror@Image@@SAXV?$Local@VString@v8@@@v8@@V?$Local@VValue@v8@@@3@AEBV?$PropertyCallbackInfo@X@Nan@@@Z 0000000180010a30 f   Image.obj
 0001:0000fb10       ??_EImage@@EEAAPEAXI@Z     0000000180010b10 f i * CIL library *:* CIL module *
 0001:0000fb10       ??_GImage@@EEAAPEAXI@Z     0000000180010b10 f i Image.obj
 0001:0000fb40       ??1Image@@EEAA@XZ          0000000180010b40 f   Image.obj
 0001:0000fbe0       ?loaded@Image@@QEAAXXZ     0000000180010be0 f   Image.obj
 0001:0000fca0       ?loadSurface@Image@@QEAA?AW4_cairo_status@@XZ 0000000180010ca0 f   Image.obj
 0001:0000fd60       ?Initialize@ImageData@@SAXV?$Local@VObject@v8@@@v8@@@Z 0000000180010d60 f   ImageData.obj
 0001:000100b0       ?New@ImageData@@SAXAEBV?$FunctionCallbackInfo@VValue@v8@@@Nan@@@Z 00000001800110b0 f   ImageData.obj
 0001:00010450       ?init@@YAXV?$Local@VObject@v8@@@v8@@@Z 0000000180011450 f   init.obj
 0001:00010530       ??0bad_alloc@std@@QEAA@AEBV01@@Z 0000000180011530 f i libcpmt:xthrow.obj
 0001:00010570       ??0bad_alloc@std@@QEAA@XZ  0000000180011570 f i libcpmt:xthrow.obj
 0001:00010590       ??0exception@std@@QEAA@AEBV01@@Z 0000000180011590 f i libcpmt:xthrow.obj
 0001:000105c8       ??0length_error@std@@QEAA@AEBV01@@Z 00000001800115c8 f i libcpmt:xthrow.obj
 0001:00010608       ??0length_error@std@@QEAA@PEBD@Z 0000000180011608 f i libcpmt:xthrow.obj
 0001:00010654       ??0logic_error@std@@QEAA@AEBV01@@Z 0000000180011654 f i libcpmt:xthrow.obj
 0001:00010694       ??1bad_array_new_length@std@@UEAA@XZ 0000000180011694 f i LIBCMT:throw_bad_alloc.obj
 0001:00010694       ??1length_error@std@@UEAA@XZ 0000000180011694 f i libcpmt:xthrow.obj
 0001:00010694       ??1bad_exception@std@@UEAA@XZ 0000000180011694 f i libvcruntime:frame.obj
 0001:00010694       ??1bad_alloc@std@@UEAA@XZ  0000000180011694 f i libcpmt:xthrow.obj
 0001:000106a8       ?_Xbad_alloc@std@@YAXXZ    00000001800116a8 f   libcpmt:xthrow.obj
 0001:000106a8       ?__scrt_throw_std_bad_alloc@@YAXXZ 00000001800116a8 f   LIBCMT:throw_bad_alloc.obj
 0001:000106c8       ?_Xlength_error@std@@YAXPEBD@Z 00000001800116c8 f   libcpmt:xthrow.obj
 0001:000106ec       ?what@exception@std@@UEBAPEBDXZ 00000001800116ec f i libcpmt:xthrow.obj
 0001:00010710       __security_check_cookie    0000000180011710 f   LIBCMT:_amdsecgs_.obj
 0001:00010734       ??2@YAPEAX_K@Z             0000000180011734 f   LIBCMT:new_scalar.obj
 0001:00010770       __scrt_acquire_startup_lock 0000000180011770 f   LIBCMT:utility.obj
 0001:000107ac       __scrt_dllmain_after_initialize_c 00000001800117ac f   LIBCMT:utility.obj
 0001:000107e0       __scrt_dllmain_before_initialize_c 00000001800117e0 f   LIBCMT:utility.obj
 0001:000107f8       __scrt_dllmain_crt_thread_attach 00000001800117f8 f   LIBCMT:utility.obj
 0001:00010820       __scrt_dllmain_crt_thread_detach 0000000180011820 f   LIBCMT:utility.obj
 0001:00010838       __scrt_dllmain_exception_filter 0000000180011838 f   LIBCMT:utility.obj
 0001:0001089c       __scrt_dllmain_uninitialize_c 000000018001189c f   LIBCMT:utility.obj
 0001:000108cc       __scrt_dllmain_uninitialize_critical 00000001800118cc f   LIBCMT:utility.obj
 0001:000108e0       __scrt_initialize_crt      00000001800118e0 f   LIBCMT:utility.obj
 0001:0001092c       __scrt_initialize_onexit_tables 000000018001192c f   LIBCMT:utility.obj
 0001:000109f8       __scrt_is_nonwritable_in_current_image 00000001800119f8 f   LIBCMT:utility.obj
 0001:00010a94       __scrt_release_startup_lock 0000000180011a94 f   LIBCMT:utility.obj
 0001:00010ab8       __scrt_uninitialize_crt    0000000180011ab8 f   LIBCMT:utility.obj
 0001:00010ae4       _onexit                    0000000180011ae4 f   LIBCMT:utility.obj
 0001:00010b34       atexit                     0000000180011b34 f   LIBCMT:utility.obj
 0001:00010b4c       ??3@YAXPEAX@Z              0000000180011b4c f   LIBCMT:delete_scalar.obj
 0001:00010ea0       _DllMainCRTStartup         0000000180011ea0 f   LIBCMT:dll_dllmain.obj
 0001:00010ee0       ??3@YAXPEAX_K@Z            0000000180011ee0 f   LIBCMT:delete_scalar_size.obj
 0001:00010ee8       ??_Etype_info@@UEAAPEAXI@Z 0000000180011ee8 f i LIBCMT:std_type_info_static.obj
 0001:00010ee8       ??_Gtype_info@@UEAAPEAXI@Z 0000000180011ee8 f i LIBCMT:std_type_info_static.obj
 0001:00010f14       __raise_securityfailure    0000000180011f14 f   LIBCMT:gs_report.obj
 0001:00010f48       __report_gsfailure         0000000180011f48 f   LIBCMT:gs_report.obj
 0001:0001101c       __report_rangecheckfailure 000000018001201c f   LIBCMT:gs_report.obj
 0001:00011030       __report_securityfailure   0000000180012030 f   LIBCMT:gs_report.obj
 0001:000111b0       ??0bad_array_new_length@std@@QEAA@AEBV01@@Z 00000001800121b0 f i LIBCMT:throw_bad_alloc.obj
 0001:000111f0       ??0bad_array_new_length@std@@QEAA@XZ 00000001800121f0 f i LIBCMT:throw_bad_alloc.obj
 0001:00011210       ?__scrt_throw_std_bad_array_new_length@@YAXXZ 0000000180012210 f   LIBCMT:throw_bad_alloc.obj
 0001:00011230       __isa_available_init       0000000180012230 f   LIBCMT:_cpu_disp_.obj
 0001:000113f8       _get_startup_argv_mode     00000001800123f8 f   LIBCMT:argv_mode.obj
 0001:000113f8       DllMain                    00000001800123f8 f   LIBCMT:dll_dllmain_stub.obj
 0001:00011400       __scrt_is_ucrt_dll_in_use  0000000180012400 f   LIBCMT:ucrt_detection.obj
 0001:0001140c       __crt_debugger_hook        000000018001240c f   LIBCMT:utility_desktop.obj
 0001:00011414       __scrt_fastfail            0000000180012414 f   LIBCMT:utility_desktop.obj
 0001:0001155c       _guard_check_icall         000000018001255c f i LIBCMT:checkcfg.obj
 0001:00011564       __security_init_cookie     0000000180012564 f   LIBCMT:gs_support.obj
 0001:00011610       ?__scrt_initialize_type_info@@YAXXZ 0000000180012610 f   LIBCMT:tncleanup.obj
 0001:00011620       ?__scrt_uninitialize_type_info@@YAXXZ 0000000180012620 f   LIBCMT:tncleanup.obj
 0001:0001162c       __local_stdio_scanf_options 000000018001262c f i LIBCMT:default_local_stdio_options.obj
 0001:00011634       __scrt_initialize_default_local_stdio_options 0000000180012634 f   LIBCMT:default_local_stdio_options.obj
 0001:00011650       __scrt_get_dyn_tls_init_callback 0000000180012650 f   LIBCMT:dyn_tls_init.obj
 0001:00011658       _RTC_Initialize            0000000180012658 f   LIBCMT:_initsect_.obj
 0001:000116a4       _RTC_Terminate             00000001800126a4 f   LIBCMT:_initsect_.obj
 0001:000116f0       longjmp                    00000001800126f0 f   libvcruntime:longjmpc.obj
 0001:00011718       __DestructExceptionObject  0000000180012718 f   libvcruntime:frame.obj
 0001:000117a0       ??0bad_exception@std@@QEAA@AEBV01@@Z 00000001800127a0 f i libvcruntime:frame.obj
 0001:000117e0       ??0bad_exception@std@@QEAA@XZ 00000001800127e0 f i libvcruntime:frame.obj
 0001:00011800       ??_Ebad_array_new_length@std@@UEAAPEAXI@Z 0000000180012800 f i LIBCMT:throw_bad_alloc.obj
 0001:00011800       ??_Elength_error@std@@UEAAPEAXI@Z 0000000180012800 f i libcpmt:xthrow.obj
 0001:00011800       ??_Gbad_array_new_length@std@@UEAAPEAXI@Z 0000000180012800 f i LIBCMT:throw_bad_alloc.obj
 0001:00011800       ??_Gbad_exception@std@@UEAAPEAXI@Z 0000000180012800 f i libvcruntime:frame.obj
 0001:00011800       ??_Ebad_exception@std@@UEAAPEAXI@Z 0000000180012800 f i libvcruntime:frame.obj
 0001:00011800       ??_Gexception@std@@UEAAPEAXI@Z 0000000180012800 f i libcpmt:xthrow.obj
 0001:00011800       ??_Glength_error@std@@UEAAPEAXI@Z 0000000180012800 f i libcpmt:xthrow.obj
 0001:00011800       ??_Elogic_error@std@@UEAAPEAXI@Z 0000000180012800 f i libcpmt:xthrow.obj
 0001:00011800       ??_Eexception@std@@UEAAPEAXI@Z 0000000180012800 f i libcpmt:xthrow.obj
 0001:00011800       ??_Glogic_error@std@@UEAAPEAXI@Z 0000000180012800 f i libcpmt:xthrow.obj
 0001:00011800       ??_Gbad_alloc@std@@UEAAPEAXI@Z 0000000180012800 f i libcpmt:xthrow.obj
 0001:00011800       ??_Ebad_alloc@std@@UEAAPEAXI@Z 0000000180012800 f i libcpmt:xthrow.obj
 0001:000121a0       ?_CallMemberFunction0@@YAXPEAXP6AX0@Z@Z 00000001800131a0 f i libvcruntime:frame.obj
 0001:000121a4       ?_CallMemberFunction1@@YAXPEAXP6AX0@Z0@Z 00000001800131a4 f i libvcruntime:frame.obj
 0001:000121b0       ?_CallMemberFunction2@@YAXPEAXP6AX0@Z0H@Z 00000001800131b0 f i libvcruntime:frame.obj
 0001:000121c0       __AdjustPointer            00000001800131c0 f   libvcruntime:frame.obj
 0001:000121e4       __BuildCatchObject         00000001800131e4 f   libvcruntime:frame.obj
 0001:000122a8       __BuildCatchObjectHelper   00000001800132a8 f   libvcruntime:frame.obj
 0001:00012488       __CxxCallCatchBlock        0000000180013488 f   libvcruntime:frame.obj
 0001:00012674       __FrameUnwindFilter        0000000180013674 f   libvcruntime:frame.obj
 0001:000126c0       __FrameUnwindToState       00000001800136c0 f   libvcruntime:frame.obj
 0001:00012854       __InternalCxxFrameHandler  0000000180013854 f   libvcruntime:frame.obj
 0001:00012aac       __TypeMatch                0000000180013aac f   libvcruntime:frame.obj
 0001:00012bec       __std_terminate            0000000180013bec f   libvcruntime:frame.obj
 0001:00012bf8       strstr                     0000000180013bf8 f   libvcruntime:strstr.obj
 0001:00012dec       __std_exception_copy       0000000180013dec f   libvcruntime:std_exception.obj
 0001:00012e7c       __std_exception_destroy    0000000180013e7c f   libvcruntime:std_exception.obj
 0001:00012ea4       _CxxThrowException         0000000180013ea4 f   libvcruntime:throw.obj
 0001:00012f7c       __vcrt_initialize          0000000180013f7c f   libvcruntime:initialization.obj
 0001:00012fb0       __vcrt_thread_attach       0000000180013fb0 f   libvcruntime:initialization.obj
 0001:00012fc4       __vcrt_thread_detach       0000000180013fc4 f   libvcruntime:initialization.obj
 0001:00012fd8       __vcrt_uninitialize        0000000180013fd8 f   libvcruntime:initialization.obj
 0001:00012ff8       __vcrt_uninitialize_critical 0000000180013ff8 f   libvcruntime:initialization.obj
 0001:00013008       __C_specific_handler       0000000180014008 f   libvcruntime:_chandler_.obj
 0001:00013220       memset                     0000000180014220 f   libvcruntime:memset.obj
 0001:000133c0       __std_type_info_compare    00000001800143c0 f   libvcruntime:std_type_info.obj
 0001:000133e8       __std_type_info_destroy_list 00000001800143e8 f   libvcruntime:std_type_info.obj
 0001:00013430       memmove                    0000000180014430 f   libvcruntime:memcpy.obj
 0001:00013430       memcpy                     0000000180014430 f   libvcruntime:memcpy.obj
 0001:00013868       __vcrt_freefls             0000000180014868 f   libvcruntime:per_thread_data.obj
 0001:00013888       __vcrt_freeptd             0000000180014888 f   libvcruntime:per_thread_data.obj
 0001:000138d8       __vcrt_getptd              00000001800148d8 f   libvcruntime:per_thread_data.obj
 0001:000138f4       __vcrt_getptd_noexit       00000001800148f4 f   libvcruntime:per_thread_data.obj
 0001:000139ac       __vcrt_initialize_ptd      00000001800149ac f   libvcruntime:per_thread_data.obj
 0001:000139ec       __vcrt_uninitialize_ptd    00000001800149ec f   libvcruntime:per_thread_data.obj
 0001:00013a10       ?__GetCurrentState@@YAHPEA_KPEAU_xDISPATCHER_CONTEXT@@PEBU_s_FuncInfo@@@Z 0000000180014a10 f   libvcruntime:ehstate.obj
 0001:00013a38       ?__GetUnwindTryBlock@@YAHPEA_KPEAU_xDISPATCHER_CONTEXT@@PEBU_s_FuncInfo@@@Z 0000000180014a38 f   libvcruntime:ehstate.obj
 0001:00013a64       ?__SetState@@YAXPEA_KPEAU_xDISPATCHER_CONTEXT@@PEBU_s_FuncInfo@@H@Z 0000000180014a64 f   libvcruntime:ehstate.obj
 0001:00013a70       ?__SetUnwindTryBlock@@YAXPEA_KPEAU_xDISPATCHER_CONTEXT@@PEBU_s_FuncInfo@@H@Z 0000000180014a70 f   libvcruntime:ehstate.obj
 0001:00013aac       ?__StateFromControlPc@@YAHPEBU_s_FuncInfo@@PEAU_xDISPATCHER_CONTEXT@@@Z 0000000180014aac f   libvcruntime:ehstate.obj
 0001:00013ab4       ?__StateFromIp@@YAHPEBU_s_FuncInfo@@PEAU_xDISPATCHER_CONTEXT@@_J@Z 0000000180014ab4 f   libvcruntime:ehstate.obj
 0001:00013b30       _CallSettingFrame          0000000180014b30 f   libvcruntime:handlers.obj
 0001:00013b70       ?_ExecutionInCatch@@YAHPEAU_xDISPATCHER_CONTEXT@@PEBU_s_FuncInfo@@@Z 0000000180014b70 f   libvcruntime:trnsctrl.obj
 0001:00013be4       ?_GetEstablisherFrame@@YAPEA_KPEA_KPEAU_xDISPATCHER_CONTEXT@@PEBU_s_FuncInfo@@0@Z 0000000180014be4 f   libvcruntime:trnsctrl.obj
 0001:00013cb0       ?_GetRangeOfTrysToCheck@@YAPEBU_s_TryBlockMapEntry@@PEA_KPEBU_s_FuncInfo@@HHPEAI2PEAU_xDISPATCHER_CONTEXT@@@Z 0000000180014cb0 f   libvcruntime:trnsctrl.obj
 0001:00013ddc       ?__FrameUnwindToEmptyState@@YAXPEA_KPEAU_xDISPATCHER_CONTEXT@@PEBU_s_FuncInfo@@@Z 0000000180014ddc f   libvcruntime:trnsctrl.obj
 0001:00013e70       ?__SehTransFilter@@YAHPEAU_EXCEPTION_POINTERS@@PEAUEHExceptionRecord@@PEA_KPEAU_CONTEXT@@PEAU_xDISPATCHER_CONTEXT@@PEBU_s_FuncInfo@@PEAH@Z 0000000180014e70 f   libvcruntime:trnsctrl.obj
 0001:00013f08       _CallSETranslator          0000000180014f08 f   libvcruntime:trnsctrl.obj
 0001:00013f60       _CreateFrameInfo           0000000180014f60 f   libvcruntime:trnsctrl.obj
 0001:00013f9c       _FindAndUnlinkFrame        0000000180014f9c f   libvcruntime:trnsctrl.obj
 0001:00013ff4       _GetImageBase              0000000180014ff4 f   libvcruntime:trnsctrl.obj
 0001:00014008       _GetThrowImageBase         0000000180015008 f   libvcruntime:trnsctrl.obj
 0001:0001401c       _IsExceptionObjectToBeDestroyed 000000018001501c f   libvcruntime:trnsctrl.obj
 0001:0001404c       _SetImageBase              000000018001504c f   libvcruntime:trnsctrl.obj
 0001:00014064       _SetThrowImageBase         0000000180015064 f   libvcruntime:trnsctrl.obj
 0001:0001407c       _UnwindNestedFrames        000000018001507c f   libvcruntime:trnsctrl.obj
 0001:000141a0       __CxxFrameHandler3         00000001800151a0 f   libvcruntime:trnsctrl.obj
 0001:00014230       _local_unwind              0000000180015230 f   libvcruntime:_jmpuwind_.obj
 0001:00014260       _NLG_Notify                0000000180015260 f   libvcruntime:_jmpuwind_.obj
 0001:00014280       __NLG_Dispatch2            0000000180015280 f   libvcruntime:_jmpuwind_.obj
 0001:00014290       __NLG_Return2              0000000180015290 f   libvcruntime:_jmpuwind_.obj
 0001:00014294       __vcrt_initialize_locks    0000000180015294 f   libvcruntime:locks.obj
 0001:000142dc       __vcrt_uninitialize_locks  00000001800152dc f   libvcruntime:locks.obj
 0001:000144dc       __vcrt_FlsAlloc            00000001800154dc f   libvcruntime:winapi_downlevel.obj
 0001:00014530       __vcrt_FlsFree             0000000180015530 f   libvcruntime:winapi_downlevel.obj
 0001:00014584       __vcrt_FlsGetValue         0000000180015584 f   libvcruntime:winapi_downlevel.obj
 0001:000145d8       __vcrt_FlsSetValue         00000001800155d8 f   libvcruntime:winapi_downlevel.obj
 0001:00014640       __vcrt_InitializeCriticalSectionEx 0000000180015640 f   libvcruntime:winapi_downlevel.obj
 0001:000146b8       __vcrt_initialize_winapi_thunks 00000001800156b8 f   libvcruntime:winapi_downlevel.obj
 0001:00014704       __vcrt_uninitialize_winapi_thunks 0000000180015704 f   libvcruntime:winapi_downlevel.obj
 0001:00014744       __vcrt_initialize_pure_virtual_call_handler 0000000180015744 f   libvcruntime:purevirt_data.obj
 0001:00014768       realloc                    0000000180015768 f   libucrt:realloc.obj
 0001:00014770       free                       0000000180015770 f   libucrt:free.obj
 0001:00015160       ??$ftprintf@PEAU_iobuf@@PEB_WAEBQEB_WAEBQEB_WAEBI@?$__crt_char_traits@_W@@SAH$$QEAPEAU_iobuf@@$$QEAPEB_WAEBQEB_W2AEBI@Z 0000000180016160 f i libucrt:assert.obj
 0001:00015188       _wassert                   0000000180016188 f   libucrt:assert.obj
 0001:0001520c       fwprintf                   000000018001620c f i libucrt:assert.obj
 0001:00015250       swprintf                   0000000180016250 f i libucrt:assert.obj
 0001:000152a4       malloc                     00000001800162a4 f   libucrt:malloc.obj
 0001:000152ac       _isnan                     00000001800162ac f   libucrt:ieeemisc.obj
 0001:000152d8       _finite                    00000001800162d8 f   libucrt:_finite.obj
 0001:00015304       __acrt_call_reportfault    0000000180016304 f   libucrt:invalid_parameter.obj
 0001:00015460       __acrt_initialize_invalid_parameter_handler 0000000180016460 f   libucrt:invalid_parameter.obj
 0001:00015468       _invalid_parameter         0000000180016468 f   libucrt:invalid_parameter.obj
 0001:00015510       _invalid_parameter_noinfo  0000000180016510 f   libucrt:invalid_parameter.obj
 0001:00015530       _invalid_parameter_noinfo_noreturn 0000000180016530 f   libucrt:invalid_parameter.obj
 0001:00015560       _invoke_watson             0000000180016560 f   libucrt:invalid_parameter.obj
 0001:000155a8       __acrt_initialize_stdio    00000001800165a8 f   libucrt:_file.obj
 0001:000156c8       __acrt_iob_func            00000001800166c8 f   libucrt:_file.obj
 0001:000156dc       __acrt_uninitialize_stdio  00000001800166dc f   libucrt:_file.obj
 0001:00015738       _lock_file                 0000000180016738 f   libucrt:_file.obj
 0001:00015744       _unlock_file               0000000180016744 f   libucrt:_file.obj
 0001:00015750       ??$?RV<lambda_7b91131dde12e1c3dfc74ff76b3f2eac>@@AEAV<lambda_dd75445284c072d0bd3768540cc698fa>@@V<lambda_16bc4ecb55b4718497c16bceaea2ceaf>@@@?$__crt_seh_guarded_call@H@@QEAAH$$QEAV<lambda_7b91131dde12e1c3dfc74ff76b3f2eac>@@AEAV<lambda_dd75445284c072d0bd3768540cc698fa>@@$$QEAV<lambda_16bc4ecb55b4718497c16bceaea2ceaf>@@@Z 0000000180016750 f i libucrt:output.obj
 0001:00015790       ??$ensure_buffer_is_big_enough@D@formatting_buffer@__crt_stdio_output@@QEAA_N_K@Z 0000000180016790 f i libucrt:output.obj
 0001:0001583c       ??$is_wide_character_specifier@D@__crt_stdio_output@@YA_N_KDW4length_modifier@0@@Z 000000018001683c f i libucrt:output.obj
 0001:0001586c       ??$is_wide_character_specifier@_W@__crt_stdio_output@@YA_N_K_WW4length_modifier@0@@Z 000000018001686c f i libucrt:output.obj
 0001:000158b0       ??$type_case_integer_parse_into_buffer@I@?$output_processor@_WV?$stream_output_adapter@_W@__crt_stdio_output@@V?$standard_base@_WV?$stream_output_adapter@_W@__crt_stdio_output@@@2@@__crt_stdio_output@@AEAAXII_N@Z 00000001800168b0 f i libucrt:output.obj
 0001:000158b0       ??$type_case_integer_parse_into_buffer@I@?$output_processor@_WV?$string_output_adapter@_W@__crt_stdio_output@@V?$standard_base@_WV?$string_output_adapter@_W@__crt_stdio_output@@@2@@__crt_stdio_output@@AEAAXII_N@Z 00000001800168b0 f i libucrt:output.obj
 0001:000158b0       ??$type_case_integer_parse_into_buffer@I@?$output_processor@DV?$string_output_adapter@D@__crt_stdio_output@@V?$standard_base@DV?$string_output_adapter@D@__crt_stdio_output@@@2@@__crt_stdio_output@@AEAAXII_N@Z 00000001800168b0 f i libucrt:output.obj
 0001:0001594c       ??$type_case_integer_parse_into_buffer@_K@?$output_processor@_WV?$stream_output_adapter@_W@__crt_stdio_output@@V?$standard_base@_WV?$stream_output_adapter@_W@__crt_stdio_output@@@2@@__crt_stdio_output@@AEAAX_KI_N@Z 000000018001694c f i libucrt:output.obj
 0001:0001594c       ??$type_case_integer_parse_into_buffer@_K@?$output_processor@_WV?$string_output_adapter@_W@__crt_stdio_output@@V?$standard_base@_WV?$string_output_adapter@_W@__crt_stdio_output@@@2@@__crt_stdio_output@@AEAAX_KI_N@Z 000000018001694c f i libucrt:output.obj
 0001:0001594c       ??$type_case_integer_parse_into_buffer@_K@?$output_processor@DV?$string_output_adapter@D@__crt_stdio_output@@V?$standard_base@DV?$string_output_adapter@D@__crt_stdio_output@@@2@@__crt_stdio_output@@AEAAX_KI_N@Z 000000018001694c f i libucrt:output.obj
 0001:000159e8       ??$write_multiple_characters@V?$stream_output_adapter@_W@__crt_stdio_output@@D@__crt_stdio_output@@YAXAEBV?$stream_output_adapter@_W@0@DHQEAH@Z 00000001800169e8 f i libucrt:output.obj
 0001:00015a78       ??$write_multiple_characters@V?$string_output_adapter@D@__crt_stdio_output@@D@__crt_stdio_output@@YAXAEBV?$string_output_adapter@D@0@DHQEAH@Z 0000000180016a78 f i libucrt:output.obj
 0001:00015ad4       ??$write_multiple_characters@V?$string_output_adapter@_W@__crt_stdio_output@@D@__crt_stdio_output@@YAXAEBV?$string_output_adapter@_W@0@DHQEAH@Z 0000000180016ad4 f i libucrt:output.obj
 0001:00015b44       ??0?$output_processor@DV?$string_output_adapter@D@__crt_stdio_output@@V?$standard_base@DV?$string_output_adapter@D@__crt_stdio_output@@@2@@__crt_stdio_output@@QEAA@AEBV?$string_output_adapter@D@1@_KQEBDQEAU__crt_locale_pointers@@QEAD@Z 0000000180016b44 f i libucrt:output.obj
 0001:00015bc0       ??0?$output_processor@_WV?$string_output_adapter@_W@__crt_stdio_output@@V?$standard_base@_WV?$string_output_adapter@_W@__crt_stdio_output@@@2@@__crt_stdio_output@@QEAA@AEBV?$string_output_adapter@_W@1@_KQEB_WQEAU__crt_locale_pointers@@QEAD@Z 0000000180016bc0 f i libucrt:output.obj
 0001:00015bc0       ??0?$output_processor@_WV?$stream_output_adapter@_W@__crt_stdio_output@@V?$standard_base@_WV?$stream_output_adapter@_W@__crt_stdio_output@@@2@@__crt_stdio_output@@QEAA@AEBV?$stream_output_adapter@_W@1@_KQEB_WQEAU__crt_locale_pointers@@QEAD@Z 0000000180016bc0 f i libucrt:output.obj
 0001:00015c40       ??0_LocaleUpdate@@QEAA@QEAU__crt_locale_pointers@@@Z 0000000180016c40 f i libucrt:output.obj
 0001:00015dc0       ?force_decimal_point@__crt_stdio_output@@YAXPEADQEAU__crt_locale_pointers@@@Z 0000000180016dc0 f i libucrt:output.obj
 0001:00015e30       ?parse_int_from_format_string@?$output_processor@DV?$string_output_adapter@D@__crt_stdio_output@@V?$standard_base@DV?$string_output_adapter@D@__crt_stdio_output@@@2@@__crt_stdio_output@@AEAA_NQEAH@Z 0000000180016e30 f i libucrt:output.obj
 0001:00015eb4       ?parse_int_from_format_string@?$output_processor@_WV?$stream_output_adapter@_W@__crt_stdio_output@@V?$standard_base@_WV?$stream_output_adapter@_W@__crt_stdio_output@@@2@@__crt_stdio_output@@AEAA_NQEAH@Z 0000000180016eb4 f i libucrt:output.obj
 0001:00015eb4       ?parse_int_from_format_string@?$output_processor@_WV?$string_output_adapter@_W@__crt_stdio_output@@V?$standard_base@_WV?$string_output_adapter@_W@__crt_stdio_output@@@2@@__crt_stdio_output@@AEAA_NQEAH@Z 0000000180016eb4 f i libucrt:output.obj
 0001:00015f34       ?process@?$output_processor@DV?$string_output_adapter@D@__crt_stdio_output@@V?$standard_base@DV?$string_output_adapter@D@__crt_stdio_output@@@2@@__crt_stdio_output@@QEAAHXZ 0000000180016f34 f i libucrt:output.obj
 0001:00016138       ?process@?$output_processor@_WV?$stream_output_adapter@_W@__crt_stdio_output@@V?$standard_base@_WV?$stream_output_adapter@_W@__crt_stdio_output@@@2@@__crt_stdio_output@@QEAAHXZ 0000000180017138 f i libucrt:output.obj
 0001:000163b0       ?process@?$output_processor@_WV?$string_output_adapter@_W@__crt_stdio_output@@V?$standard_base@_WV?$string_output_adapter@_W@__crt_stdio_output@@@2@@__crt_stdio_output@@QEAAHXZ 00000001800173b0 f i libucrt:output.obj
 0001:0001662c       ?state_case_normal@?$output_processor@DV?$string_output_adapter@D@__crt_stdio_output@@V?$standard_base@DV?$string_output_adapter@D@__crt_stdio_output@@@2@@__crt_stdio_output@@AEAA_NXZ 000000018001762c f i libucrt:output.obj
 0001:000166a0       ?state_case_normal_tchar@?$output_processor@DV?$string_output_adapter@D@__crt_stdio_output@@V?$standard_base@DV?$string_output_adapter@D@__crt_stdio_output@@@2@@__crt_stdio_output@@AEAA_ND@Z 00000001800176a0 f i libucrt:output.obj
 0001:00016738       ?state_case_size@?$output_processor@DV?$string_output_adapter@D@__crt_stdio_output@@V?$standard_base@DV?$string_output_adapter@D@__crt_stdio_output@@@2@@__crt_stdio_output@@AEAA_NXZ 0000000180017738 f i libucrt:output.obj
 0001:000168b4       ?state_case_size@?$output_processor@_WV?$stream_output_adapter@_W@__crt_stdio_output@@V?$standard_base@_WV?$stream_output_adapter@_W@__crt_stdio_output@@@2@@__crt_stdio_output@@AEAA_NXZ 00000001800178b4 f i libucrt:output.obj
 0001:00016a58       ?state_case_size@?$output_processor@_WV?$string_output_adapter@_W@__crt_stdio_output@@V?$standard_base@_WV?$string_output_adapter@_W@__crt_stdio_output@@@2@@__crt_stdio_output@@AEAA_NXZ 0000000180017a58 f i libucrt:output.obj
 0001:00016bfc       ?state_case_type@?$output_processor@DV?$string_output_adapter@D@__crt_stdio_output@@V?$standard_base@DV?$string_output_adapter@D@__crt_stdio_output@@@2@@__crt_stdio_output@@AEAA_NXZ 0000000180017bfc f i libucrt:output.obj
 0001:00016e78       ?state_case_type@?$output_processor@_WV?$stream_output_adapter@_W@__crt_stdio_output@@V?$standard_base@_WV?$stream_output_adapter@_W@__crt_stdio_output@@@2@@__crt_stdio_output@@AEAA_NXZ 0000000180017e78 f i libucrt:output.obj
 0001:00017144       ?state_case_type@?$output_processor@_WV?$string_output_adapter@_W@__crt_stdio_output@@V?$standard_base@_WV?$string_output_adapter@_W@__crt_stdio_output@@@2@@__crt_stdio_output@@AEAA_NXZ 0000000180018144 f i libucrt:output.obj
 0001:00017410       ?type_case_Z@?$output_processor@DV?$string_output_adapter@D@__crt_stdio_output@@V?$standard_base@DV?$string_output_adapter@D@__crt_stdio_output@@@2@@__crt_stdio_output@@AEAA_NXZ 0000000180018410 f i libucrt:output.obj
 0001:00017490       ?type_case_Z@?$output_processor@_WV?$string_output_adapter@_W@__crt_stdio_output@@V?$standard_base@_WV?$string_output_adapter@_W@__crt_stdio_output@@@2@@__crt_stdio_output@@AEAA_NXZ 0000000180018490 f i libucrt:output.obj
 0001:00017490       ?type_case_Z@?$output_processor@_WV?$stream_output_adapter@_W@__crt_stdio_output@@V?$standard_base@_WV?$stream_output_adapter@_W@__crt_stdio_output@@@2@@__crt_stdio_output@@AEAA_NXZ 0000000180018490 f i libucrt:output.obj
 0001:00017510       ?type_case_a@?$output_processor@DV?$string_output_adapter@D@__crt_stdio_output@@V?$standard_base@DV?$string_output_adapter@D@__crt_stdio_output@@@2@@__crt_stdio_output@@AEAA_NXZ 0000000180018510 f i libucrt:output.obj
 0001:0001772c       ?type_case_a@?$output_processor@_WV?$string_output_adapter@_W@__crt_stdio_output@@V?$standard_base@_WV?$string_output_adapter@_W@__crt_stdio_output@@@2@@__crt_stdio_output@@AEAA_NXZ 000000018001872c f i libucrt:output.obj
 0001:0001772c       ?type_case_a@?$output_processor@_WV?$stream_output_adapter@_W@__crt_stdio_output@@V?$standard_base@_WV?$stream_output_adapter@_W@__crt_stdio_output@@@2@@__crt_stdio_output@@AEAA_NXZ 000000018001872c f i libucrt:output.obj
 0001:00017970       ?type_case_c_tchar@?$output_processor@DV?$string_output_adapter@D@__crt_stdio_output@@V?$standard_base@DV?$string_output_adapter@D@__crt_stdio_output@@@2@@__crt_stdio_output@@AEAA_ND@Z 0000000180018970 f i libucrt:output.obj
 0001:00017a24       ?type_case_c_tchar@?$output_processor@_WV?$stream_output_adapter@_W@__crt_stdio_output@@V?$standard_base@_WV?$stream_output_adapter@_W@__crt_stdio_output@@@2@@__crt_stdio_output@@AEAA_N_W@Z 0000000180018a24 f i libucrt:output.obj
 0001:00017a24       ?type_case_c_tchar@?$output_processor@_WV?$string_output_adapter@_W@__crt_stdio_output@@V?$standard_base@_WV?$string_output_adapter@_W@__crt_stdio_output@@@2@@__crt_stdio_output@@AEAA_N_W@Z 0000000180018a24 f i libucrt:output.obj
 0001:00017acc       ?type_case_integer@?$output_processor@_WV?$stream_output_adapter@_W@__crt_stdio_output@@V?$standard_base@_WV?$stream_output_adapter@_W@__crt_stdio_output@@@2@@__crt_stdio_output@@AEAA_NI_N@Z 0000000180018acc f i libucrt:output.obj
 0001:00017acc       ?type_case_integer@?$output_processor@_WV?$string_output_adapter@_W@__crt_stdio_output@@V?$standard_base@_WV?$string_output_adapter@_W@__crt_stdio_output@@@2@@__crt_stdio_output@@AEAA_NI_N@Z 0000000180018acc f i libucrt:output.obj
 0001:00017acc       ?type_case_integer@?$output_processor@DV?$string_output_adapter@D@__crt_stdio_output@@V?$standard_base@DV?$string_output_adapter@D@__crt_stdio_output@@@2@@__crt_stdio_output@@AEAA_NI_N@Z 0000000180018acc f i libucrt:output.obj
 0001:00017c6c       ?type_case_n@?$output_processor@DV?$string_output_adapter@D@__crt_stdio_output@@V?$standard_base@DV?$string_output_adapter@D@__crt_stdio_output@@@2@@__crt_stdio_output@@AEAA_NXZ 0000000180018c6c f i libucrt:output.obj
 0001:00017c6c       ?type_case_n@?$output_processor@_WV?$stream_output_adapter@_W@__crt_stdio_output@@V?$standard_base@_WV?$stream_output_adapter@_W@__crt_stdio_output@@@2@@__crt_stdio_output@@AEAA_NXZ 0000000180018c6c f i libucrt:output.obj
 0001:00017c6c       ?type_case_n@?$output_processor@_WV?$string_output_adapter@_W@__crt_stdio_output@@V?$standard_base@_WV?$string_output_adapter@_W@__crt_stdio_output@@@2@@__crt_stdio_output@@AEAA_NXZ 0000000180018c6c f i libucrt:output.obj
 0001:00017d48       ?type_case_s@?$output_processor@DV?$string_output_adapter@D@__crt_stdio_output@@V?$standard_base@DV?$string_output_adapter@D@__crt_stdio_output@@@2@@__crt_stdio_output@@AEAA_NXZ 0000000180018d48 f i libucrt:output.obj
 0001:00017dd8       ?type_case_s@?$output_processor@_WV?$string_output_adapter@_W@__crt_stdio_output@@V?$standard_base@_WV?$string_output_adapter@_W@__crt_stdio_output@@@2@@__crt_stdio_output@@AEAA_NXZ 0000000180018dd8 f i libucrt:output.obj
 0001:00017dd8       ?type_case_s@?$output_processor@_WV?$stream_output_adapter@_W@__crt_stdio_output@@V?$standard_base@_WV?$stream_output_adapter@_W@__crt_stdio_output@@@2@@__crt_stdio_output@@AEAA_NXZ 0000000180018dd8 f i libucrt:output.obj
 0001:00017ea0       ?write_stored_string_tchar@?$output_processor@DV?$string_output_adapter@D@__crt_stdio_output@@V?$standard_base@DV?$string_output_adapter@D@__crt_stdio_output@@@2@@__crt_stdio_output@@AEAA_ND@Z 0000000180018ea0 f i libucrt:output.obj
 0001:00017f78       ?write_stored_string_tchar@?$output_processor@_WV?$stream_output_adapter@_W@__crt_stdio_output@@V?$standard_base@_WV?$stream_output_adapter@_W@__crt_stdio_output@@@2@@__crt_stdio_output@@AEAA_N_W@Z 0000000180018f78 f i libucrt:output.obj
 0001:00018064       ?write_stored_string_tchar@?$output_processor@_WV?$string_output_adapter@_W@__crt_stdio_output@@V?$standard_base@_WV?$string_output_adapter@_W@__crt_stdio_output@@@2@@__crt_stdio_output@@AEAA_N_W@Z 0000000180019064 f i libucrt:output.obj
 0001:00018154       ?write_string@?$stream_output_adapter@_W@__crt_stdio_output@@QEBAXQEB_WHQEAH1@Z 0000000180019154 f i libucrt:output.obj
 0001:00018260       ?write_string@?$string_output_adapter@D@__crt_stdio_output@@QEBAXQEBDHQEAH1@Z 0000000180019260 f i libucrt:output.obj
 0001:0001831c       ?write_string@?$string_output_adapter@_W@__crt_stdio_output@@QEBAXQEB_WHQEAH1@Z 000000018001931c f i libucrt:output.obj
 0001:000183dc       __stdio_common_vfwprintf   00000001800193dc f   libucrt:output.obj
 0001:00018468       __stdio_common_vsprintf    0000000180019468 f   libucrt:output.obj
 0001:0001869c       __stdio_common_vswprintf   000000018001969c f   libucrt:output.obj
 0001:000189a4       fopen                      00000001800199a4 f   libucrt:fopen.obj
 0001:000189b0       _fclose_nolock             00000001800199b0 f   libucrt:fclose.obj
 0001:00018a34       fclose                     0000000180019a34 f   libucrt:fclose.obj
 0001:00018d14       fseek                      0000000180019d14 f   libucrt:fseek.obj
 0001:00018d1c       _fread_nolock_s            0000000180019d1c f   libucrt:fread.obj
 0001:00018f9c       fread                      0000000180019f9c f   libucrt:fread.obj
 0001:00018fbc       fread_s                    0000000180019fbc f   libucrt:fread.obj
 0001:00019064       __acrt_initialize_new_handler 000000018001a064 f   libucrt:new_handler.obj
 0001:0001906c       _callnewh                  000000018001a06c f   libucrt:new_handler.obj
 0001:000190ac       _query_new_handler         000000018001a0ac f   libucrt:new_handler.obj
 0001:000190e0       _seh_filter_dll            000000018001a0e0 f   libucrt:exception_filter.obj
 0001:000190f4       _seh_filter_exe            000000018001a0f4 f   libucrt:exception_filter.obj
 0001:000194b4       __acrt_initialize_thread_local_exit_callback 000000018001a4b4 f   libucrt:exit.obj
 0001:000194bc       _cexit                     000000018001a4bc f   libucrt:exit.obj
 0001:000194cc       _exit                      000000018001a4cc f   libucrt:exit.obj
 0001:000194d8       _is_c_termination_complete 000000018001a4d8 f   libucrt:exit.obj
 0001:0001969c       __acrt_allocate_buffer_for_argv 000000018001a69c f   libucrt:argv_parsing.obj
 0001:00019700       _configure_narrow_argv     000000018001a700 f   libucrt:argv_parsing.obj
 0001:00019a5c       __dcrt_uninitialize_environments_nolock 000000018001aa5c f   libucrt:environment_initialization.obj
 0001:00019a94       _initialize_narrow_environment 000000018001aa94 f   libucrt:environment_initialization.obj
 0001:00019a9c       ??$?RV<lambda_b8c45f8f788dd370798f47cfe8ac3a86>@@AEAV<lambda_4e60a939b0d047cfe11ddc22648dfba9>@@V<lambda_332c3edc96d0294ec56c57d38c1cdfd5>@@@?$__crt_seh_guarded_call@H@@QEAAH$$QEAV<lambda_b8c45f8f788dd370798f47cfe8ac3a86>@@AEAV<lambda_4e60a939b0d047cfe11ddc22648dfba9>@@$$QEAV<lambda_332c3edc96d0294ec56c57d38c1cdfd5>@@@Z 000000018001aa9c f i libucrt:onexit.obj
 0001:00019ad8       ??$?RV<lambda_e24bbb7b643b32fcea6fa61b31d4c984>@@AEAV<lambda_275893d493268fdec8709772e3fcec0e>@@V<lambda_9d71df4d7cf3f480f8d633942495c3b0>@@@?$__crt_seh_guarded_call@H@@QEAAH$$QEAV<lambda_e24bbb7b643b32fcea6fa61b31d4c984>@@AEAV<lambda_275893d493268fdec8709772e3fcec0e>@@$$QEAV<lambda_9d71df4d7cf3f480f8d633942495c3b0>@@@Z 000000018001aad8 f i libucrt:onexit.obj
 0001:00019e54       _crt_atexit                000000018001ae54 f   libucrt:onexit.obj
 0001:00019e64       _execute_onexit_table      000000018001ae64 f   libucrt:onexit.obj
 0001:00019ea0       _initialize_onexit_table   000000018001aea0 f   libucrt:onexit.obj
 0001:00019ee0       _register_onexit_function  000000018001aee0 f   libucrt:onexit.obj
 0001:00019f60       __acrt_uninitialize_command_line 000000018001af60 f   libucrt:argv_data.obj
 0001:0001a060       __acrt_initialize          000000018001b060 f   libucrt:initialization.obj
 0001:0001a074       __acrt_thread_attach       000000018001b074 f   libucrt:initialization.obj
 0001:0001a088       __acrt_thread_detach       000000018001b088 f   libucrt:initialization.obj
 0001:0001a098       __acrt_uninitialize        000000018001b098 f   libucrt:initialization.obj
 0001:0001a0ac       __acrt_uninitialize_critical 000000018001b0ac f   libucrt:initialization.obj
 0001:0001a0bc       _initterm                  000000018001b0bc f   libucrt:initterm.obj
 0001:0001a134       _initterm_e                000000018001b134 f   libucrt:initterm.obj
 0001:0001a180       terminate                  000000018001b180 f   libucrt:terminate.obj
 0001:0001a1a8       strdup                     000000018001b1a8 f   libucrt:strdup.obj
 0001:0001a1a8       _strdup                    000000018001b1a8 f   libucrt:strdup.obj
 0001:0001a220       strcpy_s                   000000018001b220 f   libucrt:strcpy_s.obj
 0001:0001a280       _free_base                 000000018001b280 f   libucrt:free_base.obj
 0001:0001a2c0       _malloc_base               000000018001b2c0 f   libucrt:malloc_base.obj
 0001:0001a320       abort                      000000018001b320 f   libucrt:abort.obj
 0001:0001a378       _calloc_base               000000018001b378 f   libucrt:calloc_base.obj
 0001:0001a3f0       ??$is_overflow_condition@K@__crt_strtox@@YA_NIK@Z 000000018001b3f0 f i libucrt:atox.obj
 0001:0001a41c       ??$parse_integer@KV?$c_string_character_source@D@__crt_strtox@@@__crt_strtox@@YAKQEAU__crt_locale_pointers@@V?$c_string_character_source@D@0@H_N@Z 000000018001b41c f i libucrt:atox.obj
 0001:0001a730       ??$parse_integer@KV?$c_string_character_source@_W@__crt_strtox@@@__crt_strtox@@YAKQEAU__crt_locale_pointers@@V?$c_string_character_source@_W@0@H_N@Z 000000018001b730 f i libucrt:atox.obj
 0001:0001ae04       _realloc_base              000000018001be04 f   libucrt:realloc_base.obj
 0001:0001ae88       _query_app_type            000000018001be88 f   libucrt:report_runtime_error.obj
 0001:0001ae90       __acrt_errno_from_os_error 000000018001be90 f   libucrt:errno.obj
 0001:0001aed8       __acrt_errno_map_os_error  000000018001bed8 f   libucrt:errno.obj
 0001:0001af28       __doserrno                 000000018001bf28 f   libucrt:errno.obj
 0001:0001af48       _errno                     000000018001bf48 f   libucrt:errno.obj
 0001:0001b090       _itow_s                    000000018001c090 f   libucrt:xtoa.obj
 0001:0001b0b0       _set_error_mode            000000018001c0b0 f   libucrt:set_error_mode.obj
 0001:0001b0f0       wcscat_s                   000000018001c0f0 f   libucrt:wcscat_s.obj
 0001:0001b170       wcscpy_s                   000000018001c170 f   libucrt:wcscpy_s.obj
 0001:0001b1d8       wcsncat_s                  000000018001c1d8 f   libucrt:wcsncat_s.obj
 0001:0001b300       __acrt_show_wide_message_box 000000018001c300 f   libucrt:crtmbox.obj
 0001:0001b41c       __acrt_stdio_flush_nolock  000000018001c41c f   libucrt:fflush.obj
 0001:0001b494       _fflush_nolock             000000018001c494 f   libucrt:fflush.obj
 0001:0001b4e0       _flushall                  000000018001c4e0 f   libucrt:fflush.obj
 0001:0001b5d0       fflush                     000000018001c5d0 f   libucrt:fflush.obj
 0001:0001b614       ??$?RV<lambda_7a5ef57ff966f610505f1d28a3d40618>@@AEAV<lambda_b721fa326cdb32351d23dfa67958c160>@@V<lambda_5e0fb27672408a07956fe59e48ccb2aa>@@@?$__crt_seh_guarded_call@H@@QEAAH$$QEAV<lambda_7a5ef57ff966f610505f1d28a3d40618>@@AEAV<lambda_b721fa326cdb32351d23dfa67958c160>@@$$QEAV<lambda_5e0fb27672408a07956fe59e48ccb2aa>@@@Z 000000018001c614 f i libucrt:setvbuf.obj
 0001:0001b744       setvbuf                    000000018001c744 f   libucrt:setvbuf.obj
 0001:0001b7e4       ??$?RV<lambda_c36588078e9f5dfd39652860aa6b3aaf>@@AEAV<lambda_ec61778202f4f5fc7e7711acc23c3bca>@@V<lambda_dc9d2797ccde5d239b4a0efae8ebd7db>@@@?$__crt_seh_guarded_call@P6AXH@Z@@QEAAP6AXH@Z$$QEAV<lambda_c36588078e9f5dfd39652860aa6b3aaf>@@AEAV<lambda_ec61778202f4f5fc7e7711acc23c3bca>@@$$QEAV<lambda_dc9d2797ccde5d239b4a0efae8ebd7db>@@@Z 000000018001c7e4 f i libucrt:signal.obj
 0001:0001b82c       __acrt_get_sigabrt_handler 000000018001c82c f   libucrt:signal.obj
 0001:0001b85c       __acrt_initialize_signal_handlers 000000018001c85c f   libucrt:signal.obj
 0001:0001b87c       raise                      000000018001c87c f   libucrt:signal.obj
 0001:0001bc3c       _handle_error              000000018001cc3c f   libucrt:libm_error.obj
 0001:0001bd64       _handle_errorf             000000018001cd64 f   libucrt:libm_error.obj
 0001:0001be98       _handle_nan                000000018001ce98 f   libucrt:libm_error.obj
 0001:0001beb4       _handle_nanf               000000018001ceb4 f   libucrt:libm_error.obj
 0001:0001bec4       ??$?RV<lambda_46352004c1216016012b18bd6f87e700>@@AEAV<lambda_3bd07e1a1191394380780325891bf33f>@@V<lambda_334532d3f185bcaa59b5be82d7d22bff>@@@?$__crt_seh_guarded_call@X@@QEAAX$$QEAV<lambda_46352004c1216016012b18bd6f87e700>@@AEAV<lambda_3bd07e1a1191394380780325891bf33f>@@$$QEAV<lambda_334532d3f185bcaa59b5be82d7d22bff>@@@Z 000000018001cec4 f i libucrt:per_thread_data.obj
 0001:0001bf24       ??$?RV<lambda_5e887d1dcbef67a5eb4283622ba103bf>@@AEAV<lambda_4466841279450cc726390878d4a41900>@@V<lambda_341c25c0346d94847f1f3c463c57e077>@@@?$__crt_seh_guarded_call@X@@QEAAX$$QEAV<lambda_5e887d1dcbef67a5eb4283622ba103bf>@@AEAV<lambda_4466841279450cc726390878d4a41900>@@$$QEAV<lambda_341c25c0346d94847f1f3c463c57e077>@@@Z 000000018001cf24 f i libucrt:per_thread_data.obj
 0001:0001bf6c       ??$?RV<lambda_72d1df2b273a38828b1ce30cbf4cdab5>@@AEAV<lambda_876a65b173b8412d3a47c70a915b0cf4>@@V<lambda_41932305e351933ebe8f8be3ed8bb5dc>@@@?$__crt_seh_guarded_call@X@@QEAAX$$QEAV<lambda_72d1df2b273a38828b1ce30cbf4cdab5>@@AEAV<lambda_876a65b173b8412d3a47c70a915b0cf4>@@$$QEAV<lambda_41932305e351933ebe8f8be3ed8bb5dc>@@@Z 000000018001cf6c f i libucrt:per_thread_data.obj
 0001:0001bfac       ??$?RV<lambda_fb3a7dec4e47f37f22dae91bb15c9095>@@AEAV<lambda_698284760c8add0bfb0756c19673e34b>@@V<lambda_dfb8eca1e75fef3034a8fb18dd509707>@@@?$__crt_seh_guarded_call@X@@QEAAX$$QEAV<lambda_fb3a7dec4e47f37f22dae91bb15c9095>@@AEAV<lambda_698284760c8add0bfb0756c19673e34b>@@$$QEAV<lambda_dfb8eca1e75fef3034a8fb18dd509707>@@@Z 000000018001cfac f i libucrt:per_thread_data.obj
 0001:0001c23c       __acrt_freeptd             000000018001d23c f   libucrt:per_thread_data.obj
 0001:0001c280       __acrt_getptd              000000018001d280 f   libucrt:per_thread_data.obj
 0001:0001c314       __acrt_getptd_noexit       000000018001d314 f   libucrt:per_thread_data.obj
 0001:0001c3b4       __acrt_initialize_ptd      000000018001d3b4 f   libucrt:per_thread_data.obj
 0001:0001c3f0       __acrt_uninitialize_ptd    000000018001d3f0 f   libucrt:per_thread_data.obj
 0001:0001c5b4       __acrt_AreFileApisANSI     000000018001d5b4 f   libucrt:winapi_thunks.obj
 0001:0001c600       __acrt_FlsAlloc            000000018001d600 f   libucrt:winapi_thunks.obj
 0001:0001c658       __acrt_FlsFree             000000018001d658 f   libucrt:winapi_thunks.obj
 0001:0001c6b0       __acrt_FlsGetValue         000000018001d6b0 f   libucrt:winapi_thunks.obj
 0001:0001c708       __acrt_FlsSetValue         000000018001d708 f   libucrt:winapi_thunks.obj
 0001:0001c770       __acrt_InitializeCriticalSectionEx 000000018001d770 f   libucrt:winapi_thunks.obj
 0001:0001c7e8       __acrt_LCMapStringEx       000000018001d7e8 f   libucrt:winapi_thunks.obj
 0001:0001c8d8       __acrt_LocaleNameToLCID    000000018001d8d8 f   libucrt:winapi_thunks.obj
 0001:0001c940       __acrt_MessageBoxW         000000018001d940 f   libucrt:winapi_thunks.obj
 0001:0001c9c8       __acrt_can_show_message_box 000000018001d9c8 f   libucrt:winapi_thunks.obj
 0001:0001ca24       __acrt_get_parent_window   000000018001da24 f   libucrt:winapi_thunks.obj
 0001:0001cab4       __acrt_initialize_winapi_thunks 000000018001dab4 f   libucrt:winapi_thunks.obj
 0001:0001caec       __acrt_is_interactive      000000018001daec f   libucrt:winapi_thunks.obj
 0001:0001cbc0       __acrt_is_packaged_app     000000018001dbc0 f   libucrt:winapi_thunks.obj
 0001:0001cc48       __acrt_uninitialize_winapi_thunks 000000018001dc48 f   libucrt:winapi_thunks.obj
 0001:0001cc8c       _fcloseall                 000000018001dc8c f   libucrt:closeall.obj
 0001:0001cd40       __acrt_stdio_free_buffer_nolock 000000018001dd40 f   libucrt:_freebuf.obj
 0001:0001cf68       __acrt_initialize_lowio    000000018001df68 f   libucrt:ioinit.obj
 0001:0001cfa4       __acrt_uninitialize_lowio  000000018001dfa4 f   libucrt:ioinit.obj
 0001:0001cfe4       isdigit                    000000018001dfe4 f i libucrt:_ctype.obj
 0001:0001d0a8       _tolower_l                 000000018001e0a8 f   libucrt:tolower_toupper.obj
 0001:0001d1e8       tolower                    000000018001e1e8 f   libucrt:tolower_toupper.obj
 0001:0001d214       ??$make_c_string_character_source@_WPEAPEA_W@__crt_strtox@@YA?AV?$c_string_character_source@_W@0@QEB_WQEAPEA_W@Z 000000018001e214 f i libucrt:strtox.obj
 0001:0001d214       ??$make_c_string_character_source@DPEAPEAD@__crt_strtox@@YA?AV?$c_string_character_source@D@0@QEBDQEAPEAD@Z 000000018001e214 f i libucrt:strtox.obj
 0001:0001d228       strtol                     000000018001e228 f   libucrt:strtox.obj
 0001:0001d258       wcstol                     000000018001e258 f   libucrt:strtox.obj
 0001:0001d288       _mbtowc_l                  000000018001e288 f   libucrt:mbtowc.obj
 0001:0001d3d0       mbtowc                     000000018001e3d0 f   libucrt:mbtowc.obj
 0001:0001d3d8       _wctomb_s_l                000000018001e3d8 f   libucrt:wctomb.obj
 0001:0001d55c       wctomb_s                   000000018001e55c f   libucrt:wctomb.obj
 0001:0001d570       strnlen                    000000018001e570 f   libucrt:strnlen.obj
 0001:0001d6cc       wcsnlen                    000000018001e6cc f   libucrt:strnlen.obj
 0001:0001d8bc       __acrt_update_locale_info  000000018001e8bc f   libucrt:locale_update.obj
 0001:0001d8f0       __acrt_update_multibyte_info 000000018001e8f0 f   libucrt:locale_update.obj
 0001:0001d924       ?__acrt_fp_classify@@YA?AW4__acrt_fp_class@@AEBN@Z 000000018001e924 f i libucrt:cvt.obj
 0001:0001e35c       __acrt_fp_format           000000018001f35c f   libucrt:cvt.obj
 0001:0001e5a0       _fputwc_nolock             000000018001f5a0 f   libucrt:fputwc.obj
 0001:0001e71c       _fileno                    000000018001f71c f   libucrt:fileno.obj
 0001:0001e744       _fputc_nolock              000000018001f744 f   libucrt:fputc.obj
 0001:0001e75c       _get_printf_count_output   000000018001f75c f   libucrt:printf_count_output.obj
 0001:0001e774       __acrt_stdio_begin_temporary_buffering_nolock 000000018001f774 f   libucrt:_sftbuf.obj
 0001:0001e844       __acrt_stdio_end_temporary_buffering_nolock 000000018001f844 f   libucrt:_sftbuf.obj
 0001:0001e880       __acrt_set_locale_changed  000000018001f880 f   libucrt:wsetlocale.obj
 0001:0001e88c       __acrt_uninitialize_locale 000000018001f88c f   libucrt:wsetlocale.obj
 0001:0001e8d4       ?__acrt_stdio_allocate_stream@@YA?AV__crt_stdio_stream@@XZ 000000018001f8d4 f   libucrt:stream.obj
 0001:0001e930       ?__acrt_stdio_free_stream@@YAXV__crt_stdio_stream@@@Z 000000018001f930 f   libucrt:stream.obj
 0001:0001ea60       ??$__acrt_stdio_parse_mode@D@@YA?AU__acrt_stdio_stream_mode@@QEBD@Z 000000018001fa60 f i libucrt:openfile.obj
 0001:0001ecfc       _openfile                  000000018001fcfc f   libucrt:openfile.obj
 0001:0001ed98       ??$?RV<lambda_bfedae4ebbf01fab1bb6dcc6a9e276e0>@@AEAV<lambda_2fe9b910cf3cbf4a0ab98a02ba45b3ec>@@V<lambda_237c231691f317818eb88cc1d5d642d6>@@@?$__crt_seh_guarded_call@H@@QEAAH$$QEAV<lambda_bfedae4ebbf01fab1bb6dcc6a9e276e0>@@AEAV<lambda_2fe9b910cf3cbf4a0ab98a02ba45b3ec>@@$$QEAV<lambda_237c231691f317818eb88cc1d5d642d6>@@@Z 000000018001fd98 f i libucrt:close.obj
 0001:0001ee0c       _close                     000000018001fe0c f   libucrt:close.obj
 0001:0001eeb0       _close_nolock              000000018001feb0 f   libucrt:close.obj
 0001:0001f3d4       _ftelli64_nolock           00000001800203d4 f   libucrt:ftell.obj
 0001:0001f568       _lseeki64                  0000000180020568 f   libucrt:lseek.obj
 0001:0001f570       _lseeki64_nolock           0000000180020570 f   libucrt:lseek.obj
 0001:0001faa8       _read                      0000000180020aa8 f   libucrt:read.obj
 0001:0001fbc0       _read_nolock               0000000180020bc0 f   libucrt:read.obj
 0001:000201d0       __acrt_stdio_refill_and_read_narrow_nolock 00000001800211d0 f   libucrt:_filbuf.obj
 0001:000201d8       __acrt_initialize_locks    00000001800211d8 f   libucrt:locks.obj
 0001:00020220       __acrt_lock                0000000180021220 f   libucrt:locks.obj
 0001:0002023c       __acrt_uninitialize_locks  000000018002123c f   libucrt:locks.obj
 0001:00020274       __acrt_unlock              0000000180021274 f   libucrt:locks.obj
 0001:0002076c       ?expand_if_necessary@?$argument_list@D@?A0xca0879c4@@AEAAHXZ 000000018002176c f i libucrt:argv_wildcards.obj
 0001:00020834       __acrt_expand_narrow_argv_wildcards 0000000180021834 f   libucrt:argv_wildcards.obj
 0001:0002083c       ??$?RV<lambda_99476a1ad63dd22509b5d3e65b0ffc95>@@AEAV<lambda_ad1ced32f4ac17aa236e5ef05d6b3b7c>@@V<lambda_f7424dd8d45958661754dc4f2697e9c3>@@@?$__crt_seh_guarded_call@X@@QEAAX$$QEAV<lambda_99476a1ad63dd22509b5d3e65b0ffc95>@@AEAV<lambda_ad1ced32f4ac17aa236e5ef05d6b3b7c>@@$$QEAV<lambda_f7424dd8d45958661754dc4f2697e9c3>@@@Z 000000018002183c f i libucrt:mbctype.obj
 0001:00020f38       __acrt_initialize_multibyte 0000000180021f38 f   libucrt:mbctype.obj
 0001:00020f60       __acrt_update_thread_multibyte_data 0000000180021f60 f   libucrt:mbctype.obj
 0001:00021020       _setmbcp_nolock            0000000180022020 f   libucrt:mbctype.obj
 0001:00021340       _ismbblead                 0000000180022340 f   libucrt:ismbbyte.obj
 0001:00021354       __acrt_initialize_command_line 0000000180022354 f   libucrt:argv_data.obj
 0001:0002137c       __dcrt_get_narrow_environment_from_os 000000018002237c f   libucrt:get_environment_from_os.obj
 0001:00021480       _recalloc                  0000000180022480 f   libucrt:recalloc.obj
 0001:00021488       _recalloc_base             0000000180022488 f   libucrt:recalloc.obj
 0001:00021520       __acrt_initialize_heap     0000000180022520 f   libucrt:heap_handle.obj
 0001:0002153c       __acrt_uninitialize_heap   000000018002253c f   libucrt:heap_handle.obj
 0001:00021548       __acrt_execute_initializers 0000000180022548 f   libucrt:shared_initialization.obj
 0001:000215dc       __acrt_execute_uninitializers 00000001800225dc f   libucrt:shared_initialization.obj
 0001:0002162c       __acrt_has_user_matherr    000000018002262c f   libucrt:matherr.obj
 0001:0002164c       __acrt_initialize_user_matherr 000000018002264c f   libucrt:matherr.obj
 0001:00021654       __acrt_invoke_user_matherr 0000000180022654 f   libucrt:matherr.obj
 0001:0002169c       _query_new_mode            000000018002269c f   libucrt:new_mode.obj
 0001:000216a4       __pctype_func              00000001800226a4 f   libucrt:ctype.obj
 0001:000216d4       iswctype                   00000001800226d4 f   libucrt:iswctype.obj
 0001:00021744       _isctype_l                 0000000180022744 f   libucrt:isctype.obj
 0001:00021854       ??$?RV<lambda_b521505b218e5242e90febf6bfebc422>@@AEAV<lambda_6978c1fb23f02e42e1d9e99668cc68aa>@@V<lambda_314360699dd331753a4119843814e9a7>@@@?$__crt_seh_guarded_call@H@@QEAAH$$QEAV<lambda_b521505b218e5242e90febf6bfebc422>@@AEAV<lambda_6978c1fb23f02e42e1d9e99668cc68aa>@@$$QEAV<lambda_314360699dd331753a4119843814e9a7>@@@Z 0000000180022854 f i libucrt:commit.obj
 0001:000218e0       _commit                    00000001800228e0 f   libucrt:commit.obj
 0001:00021f14       _write                     0000000180022f14 f   libucrt:write.obj
 0001:00022000       _write_nolock              0000000180023000 f   libucrt:write.obj
 0001:000222e4       _raise_exc                 00000001800232e4 f   libucrt:fpexcept.obj
 0001:0002230c       _raise_exc_ex              000000018002330c f   libucrt:fpexcept.obj
 0001:00022614       _raise_excf                0000000180023614 f   libucrt:fpexcept.obj
 0001:00022640       _set_errno_from_matherr    0000000180023640 f   libucrt:fpexcept.obj
 0001:00022670       _clrfp                     0000000180023670 f   libucrt:fpctrl.obj
 0001:00022690       _ctrlfp                    0000000180023690 f   libucrt:fpctrl.obj
 0001:0002270c       _set_statfp                000000018002370c f   libucrt:fpctrl.obj
 0001:0002272c       _statfp                    000000018002372c f   libucrt:fpctrl.obj
 0001:00022740       __acrt_add_locale_ref      0000000180023740 f   libucrt:locale_refcounting.obj
 0001:000227cc       __acrt_free_locale         00000001800237cc f   libucrt:locale_refcounting.obj
 0001:00022944       __acrt_locale_add_lc_time_reference 0000000180023944 f   libucrt:locale_refcounting.obj
 0001:0002296c       __acrt_locale_free_lc_time_if_unreferenced 000000018002396c f   libucrt:locale_refcounting.obj
 0001:000229a4       __acrt_locale_release_lc_time_reference 00000001800239a4 f   libucrt:locale_refcounting.obj
 0001:000229cc       __acrt_release_locale_ref  00000001800239cc f   libucrt:locale_refcounting.obj
 0001:00022a74       __acrt_update_thread_locale_data 0000000180023a74 f   libucrt:locale_refcounting.obj
 0001:00022ae4       _updatetlocinfoEx_nolock   0000000180023ae4 f   libucrt:locale_refcounting.obj
 0001:00022c14       __acrt_DownlevelLocaleNameToLCID 0000000180023c14 f   libucrt:lcidtoname_downlevel.obj
 0001:00022c48       __acrt_lowio_create_handle_array 0000000180023c48 f   libucrt:osfinfo.obj
 0001:00022ce0       __acrt_lowio_destroy_handle_array 0000000180023ce0 f   libucrt:osfinfo.obj
 0001:00022d30       __acrt_lowio_ensure_fh_exists 0000000180023d30 f   libucrt:osfinfo.obj
 0001:00022de8       __acrt_lowio_lock_fh       0000000180023de8 f   libucrt:osfinfo.obj
 0001:00022e0c       __acrt_lowio_set_os_handle 0000000180023e0c f   libucrt:osfinfo.obj
 0001:00022ecc       __acrt_lowio_unlock_fh     0000000180023ecc f   libucrt:osfinfo.obj
 0001:00022ef0       _alloc_osfhnd              0000000180023ef0 f   libucrt:osfinfo.obj
 0001:00023020       _free_osfhnd               0000000180024020 f   libucrt:osfinfo.obj
 0001:000230dc       _get_osfhandle             00000001800240dc f   libucrt:osfinfo.obj
[...]
 0004:00001d28       $pdata$__acrt_DownlevelLocaleNameToLCID 0000000180042d28     libucrt:lcidtoname_downlevel.obj
 0004:00001d34       $pdata$__acrt_lowio_create_handle_array 0000000180042d34     libucrt:osfinfo.obj
 0004:00001d40       $pdata$__acrt_lowio_destroy_handle_array 0000000180042d40     libucrt:osfinfo.obj
 0004:00001d4c       $pdata$__acrt_lowio_ensure_fh_exists 0000000180042d4c     libucrt:osfinfo.obj
 0004:00001d58       $pdata$__acrt_lowio_set_os_handle 0000000180042d58     libucrt:osfinfo.obj
 0004:00001d64       $pdata$_alloc_osfhnd       0000000180042d64     libucrt:osfinfo.obj
 0004:00001d70       $pdata$_free_osfhnd        0000000180042d70     libucrt:osfinfo.obj
 0004:00001d7c       $pdata$_get_osfhandle      0000000180042d7c     libucrt:osfinfo.obj
 0004:00001d88       $pdata$_isleadbyte_l       0000000180042d88     libucrt:_wctype.obj
 0004:00001d94       $pdata$?__acrt_LCMapStringA_stat@@YAHPEAU__crt_locale_pointers@@PEB_WKPEBDHPEADHHH@Z 0000000180042d94     libucrt:lcmapstringa.obj
 0004:00001da0       $pdata$__acrt_LCMapStringA 0000000180042da0     libucrt:lcmapstringa.obj
 0004:00001dac       $pdata$__acrt_fp_strflt_to_string 0000000180042dac     libucrt:_fptostr.obj
 0004:00001db8       $pdata$?divide@__crt_strtox@@YA_KAEAUbig_integer@1@AEBU21@@Z 0000000180042db8     libucrt:cfout.obj
 0004:00001dc4       $pdata$5$?divide@__crt_strtox@@YA_KAEAUbig_integer@1@AEBU21@@Z 0000000180042dc4     libucrt:cfout.obj
 0004:00001dd0       $pdata$6$?divide@__crt_strtox@@YA_KAEAUbig_integer@1@AEBU21@@Z 0000000180042dd0     libucrt:cfout.obj
 0004:00001ddc       $pdata$__acrt_fltout       0000000180042ddc     libucrt:cfout.obj
 0004:00001de8       $pdata$memcpy_s            0000000180042de8     libucrt:cfout.obj
 0004:00001df4       $pdata$??$write_buffer_nolock@D@@YA_NDV__crt_stdio_stream@@@Z 0000000180042df4     libucrt:_flsbuf.obj
 0004:00001e00       $pdata$??$write_buffer_nolock@_W@@YA_N_WV__crt_stdio_stream@@@Z 0000000180042e00     libucrt:_flsbuf.obj
 0004:00001e0c       $pdata$__acrt_stdio_flush_and_write_narrow_nolock 0000000180042e0c     libucrt:_flsbuf.obj
 0004:00001e18       $pdata$__acrt_stdio_flush_and_write_wide_nolock 0000000180042e18     libucrt:_flsbuf.obj
 0004:00001e24       $pdata$_isatty             0000000180042e24     libucrt:isatty.obj
 0004:00001e30       $pdata$__acrt_locale_free_monetary 0000000180042e30     libucrt:initmon.obj
 0004:00001e3c       $pdata$__acrt_locale_free_numeric 0000000180042e3c     libucrt:initnum.obj
 0004:00001e48       $pdata$?free_crt_array_internal@@YAXQEAPEBX_K@Z 0000000180042e48     libucrt:inittime.obj
 0004:00001e54       $pdata$__acrt_locale_free_time 0000000180042e54     libucrt:inittime.obj
 0004:00001e60       $pdata$__acrt_GetStringTypeA 0000000180042e60     libucrt:getstringtypea.obj
 0004:00001e78       $pdata$_strnicmp           0000000180042e78     libucrt:strnicmp.obj
 0004:00001e84       $pdata$_strnicmp_l         0000000180042e84     libucrt:strnicmp.obj
 0004:00001e90       $pdata$??$common_sopen_dispatch@D@@YAHQEBDHHHQEAHH@Z 0000000180042e90     libucrt:open.obj
 0004:00001e9c       $pdata$?configure_text_mode@@YAHHUfile_options@?A0x656cf9f4@@HAEAW4__crt_lowio_text_mode@@@Z 0000000180042e9c     libucrt:open.obj
 0004:00001ea8       $pdata$?decode_options@@YA?AUfile_options@?A0x656cf9f4@@HHH@Z 0000000180042ea8     libucrt:open.obj
 0004:00001eb4       $pdata$?truncate_ctrl_z_if_present@@YAHH@Z 0000000180042eb4     libucrt:open.obj
 0004:00001ec0       $pdata$_sopen_nolock       0000000180042ec0     libucrt:open.obj
 0004:00001ecc       $pdata$_sopen_s            0000000180042ecc     libucrt:open.obj
 0004:00001ed8       $pdata$_wsopen_nolock      0000000180042ed8     libucrt:open.obj
 0004:00001ee4       $pdata$__acrt_stdio_allocate_buffer_nolock 0000000180042ee4     libucrt:_getbuf.obj
 0004:00001ef0       $pdata$?shortsort@@YAXPEAD0_KP6AHPEBX2@Z@Z 0000000180042ef0     libucrt:qsort.obj
 0004:00001efc       $pdata$2$?shortsort@@YAXPEAD0_KP6AHPEBX2@Z@Z 0000000180042efc     libucrt:qsort.obj
 0004:00001f08       $pdata$3$?shortsort@@YAXPEAD0_KP6AHPEBX2@Z@Z 0000000180042f08     libucrt:qsort.obj
 0004:00001f14       $pdata$qsort               0000000180042f14     libucrt:qsort.obj
 0004:00001f20       $pdata$4$qsort             0000000180042f20     libucrt:qsort.obj
 0004:00001f2c       $pdata$5$qsort             0000000180042f2c     libucrt:qsort.obj
 0004:00001f38       $pdata$strncpy_s           0000000180042f38     libucrt:strncpy_s.obj
 0004:00001f44       $pdata$strpbrk             0000000180042f44     libucrt:strpbrk.obj
 0004:00001f50       $pdata$_mbsdec_l           0000000180042f50     libucrt:mbsdec.obj
 0004:00001f5c       $pdata$?initialize_multibyte@@YAHXZ 0000000180042f5c     libucrt:multibyte_initializer.obj
 0004:00001f68       $pdata$_msize              0000000180042f68     libucrt:msize.obj
 0004:00001f74       $pdata$_putwch_nolock      0000000180042f74     libucrt:putwch.obj
 0004:00001f8c       $pdata$fegetenv            0000000180042f8c     libucrt:fegetenv.obj
 0004:00001f98       $pdata$fesetenv            0000000180042f98     libucrt:fesetenv.obj
 0004:00001fa4       $pdata$feholdexcept        0000000180042fa4     libucrt:feholdexcept.obj
 0004:00001fbc       $pdata$_get_fmode          0000000180042fbc     libucrt:setmode.obj
 0004:00001fc8       $pdata$_setmode_nolock     0000000180042fc8     libucrt:setmode.obj
 0004:00001fd4       $pdata$__acrt_copy_path_to_wide_string 0000000180042fd4     libucrt:string_utilities.obj
 0004:00001fe0       $pdata$_chsize_nolock      0000000180042fe0     libucrt:chsize.obj
 0004:00001fec       $pdata$__dcrt_lowio_initialize_console_output 0000000180042fec     libucrt:initcon.obj
 0004:00001ff8       $pdata$__dcrt_terminate_console_output 0000000180042ff8     libucrt:initcon.obj
 0004:00002004       $pdata$_getfpcontrolword   0000000180043004     libucrt:_fenvutils.obj
 0004:00002010       $pdata$_getfpstatusword    0000000180043010     libucrt:_fenvutils.obj
 0004:0000201c       $pdata$_setfpstatusword    000000018004301c     libucrt:_fenvutils.obj
 0004:00002028       $pdata$_clearfp            0000000180043028     libucrt:ieee.obj
 0004:00002034       $pdata$common_control87    0000000180043034     libucrt:ieee.obj
 0004:00002040       $pdata$__acrt_initialize_fma3 0000000180043040     libucrt:fma3_available.obj
 0004:0000204c       $pdata$_log10_special      000000018004304c     libucrt:log_special.obj
 0004:00002058       $pdata$_log_special_common 0000000180043058     libucrt:log_special.obj
 0004:00002064       $pdata$_IsNonwritableInCurrentImage 0000000180043064     LIBCMT:pesect.obj
 0004:00002070       $pdata$__GSHandlerCheck    0000000180043070     LIBCMT:_gshandler_.obj
 0004:0000207c       $pdata$__GSHandlerCheckCommon 000000018004307c     LIBCMT:_gshandler_.obj
 0004:00002094       $pdata$strrchr             0000000180043094     libvcruntime:strrchr.obj
 0004:000020ac       $pdata$__GSHandlerCheck_EH 00000001800430ac     LIBCMT:gshandlereh.obj
 0004:000020b8       $pdata$acos                00000001800430b8     libucrt:acos.obj
 0004:000020c4       $pdata$acosf               00000001800430c4     libucrt:acosf.obj
 0004:000020d0       $pdata$fmodf               00000001800430d0     libucrt:fmodf.obj
 0004:000020dc       $pdata$sqrtf               00000001800430dc     libucrt:sqrtf.obj
 0004:0000210c       $pdata$_sincos_special     000000018004310c     libucrt:sincos_special.obj
 0004:00002178       $pdata$__scrt_is_nonwritable_in_current_image$filt$0 0000000180043178     LIBCMT:utility.obj
 0004:00002184       $pdata$?fin$0@?0??dllmain_crt_process_attach@@YAHQEAUHINSTANCE__@@QEAX@Z@4HA 0000000180043184     LIBCMT:dll_dllmain.obj
 0004:00002190       $pdata$?fin$0@?0??dllmain_crt_process_detach@@YAH_N@Z@4HA 0000000180043190     LIBCMT:dll_dllmain.obj
 0004:0000219c       $pdata$?filt$0@?0??dllmain_dispatch@@YAHQEAUHINSTANCE__@@KQEAX@Z@4HA 000000018004319c     LIBCMT:dll_dllmain.obj
 0004:000021a8       $pdata$__CxxCallCatchBlock$filt$0 00000001800431a8     libvcruntime:frame.obj
 0004:000021b4       $pdata$__CxxCallCatchBlock$fin$1 00000001800431b4     libvcruntime:frame.obj
 0004:000021c0       $pdata$__DestructExceptionObject$filt$0 00000001800431c0     libvcruntime:frame.obj
 0004:000021cc       $pdata$__FrameUnwindToState$filt$0 00000001800431cc     libvcruntime:frame.obj
 0004:000021d8       $pdata$__FrameUnwindToState$fin$1 00000001800431d8     libvcruntime:frame.obj
 0004:000021e4       $pdata$_CallSETranslator$filt$0 00000001800431e4     libvcruntime:trnsctrl.obj
 0004:000021f0       $pdata$?fin$0@?0???$common_fsopen@D@@YAPEAU_iobuf@@QEBD0H@Z@4HA 00000001800431f0     libucrt:fopen.obj
 0004:000021fc       $pdata$fflush$fin$0        00000001800431fc     libucrt:fflush.obj
 0004:000021fc       $pdata$fclose$fin$0        00000001800431fc     libucrt:fclose.obj
 0004:00002208       $pdata$?fin$0@?0??common_fseek@@YAHV__crt_stdio_stream@@_JH@Z@4HA 0000000180043208     libucrt:fseek.obj
 0004:00002214       $pdata$fread_s$fin$0       0000000180043214     libucrt:fread.obj
 0004:00002220       $pdata$_query_new_handler$fin$0 0000000180043220     libucrt:new_handler.obj
 0004:0000222c       $pdata$?filt$0@?0??common_exit@@YAXHW4_crt_exit_cleanup_mode@@W4_crt_exit_return_mode@@@Z@4HA 000000018004322c     libucrt:exit.obj
 0004:00002238       $pdata$?fin$1@?0??common_exit@@YAXHW4_crt_exit_cleanup_mode@@W4_crt_exit_return_mode@@@Z@4HA 0000000180043238     libucrt:exit.obj
 0004:00002244       $pdata$?fin$0@?0???$?RV<lambda_b8c45f8f788dd370798f47cfe8ac3a86>@@AEAV<lambda_4e60a939b0d047cfe11ddc22648dfba9>@@V<lambda_332c3edc96d0294ec56c57d38c1cdfd5>@@@?$__crt_seh_guarded_call@H@@QEAAH$$QEAV<lambda_b8c45f8f788dd370798f47cfe8ac3a86>@@AEAV<lambda_4e60a939b0d047cfe11ddc22648dfba9>@@$$QEAV<lambda_332c3edc96d0294ec56c57d38c1cdfd5>@@@Z@4HA 0000000180043244     libucrt:onexit.obj
 0004:00002244       $pdata$?fin$0@?0???$?RV<lambda_99476a1ad63dd22509b5d3e65b0ffc95>@@AEAV<lambda_ad1ced32f4ac17aa236e5ef05d6b3b7c>@@V<lambda_f7424dd8d45958661754dc4f2697e9c3>@@@?$__crt_seh_guarded_call@X@@QEAAX$$QEAV<lambda_99476a1ad63dd22509b5d3e65b0ffc95>@@AEAV<lambda_ad1ced32f4ac17aa236e5ef05d6b3b7c>@@$$QEAV<lambda_f7424dd8d45958661754dc4f2697e9c3>@@@Z@4HA 0000000180043244     libucrt:mbctype.obj
 0004:00002244       $pdata$?fin$0@?0???$?RV<lambda_5e887d1dcbef67a5eb4283622ba103bf>@@AEAV<lambda_4466841279450cc726390878d4a41900>@@V<lambda_341c25c0346d94847f1f3c463c57e077>@@@?$__crt_seh_guarded_call@X@@QEAAX$$QEAV<lambda_5e887d1dcbef67a5eb4283622ba103bf>@@AEAV<lambda_4466841279450cc726390878d4a41900>@@$$QEAV<lambda_341c25c0346d94847f1f3c463c57e077>@@@Z@4HA 0000000180043244     libucrt:per_thread_data.obj
 0004:00002244       $pdata$?fin$0@?0???$?RV<lambda_46352004c1216016012b18bd6f87e700>@@AEAV<lambda_3bd07e1a1191394380780325891bf33f>@@V<lambda_334532d3f185bcaa59b5be82d7d22bff>@@@?$__crt_seh_guarded_call@X@@QEAAX$$QEAV<lambda_46352004c1216016012b18bd6f87e700>@@AEAV<lambda_3bd07e1a1191394380780325891bf33f>@@$$QEAV<lambda_334532d3f185bcaa59b5be82d7d22bff>@@@Z@4HA 0000000180043244     libucrt:per_thread_data.obj
 0004:00002244       $pdata$?fin$0@?0???$?RV<lambda_72d1df2b273a38828b1ce30cbf4cdab5>@@AEAV<lambda_876a65b173b8412d3a47c70a915b0cf4>@@V<lambda_41932305e351933ebe8f8be3ed8bb5dc>@@@?$__crt_seh_guarded_call@X@@QEAAX$$QEAV<lambda_72d1df2b273a38828b1ce30cbf4cdab5>@@AEAV<lambda_876a65b173b8412d3a47c70a915b0cf4>@@$$QEAV<lambda_41932305e351933ebe8f8be3ed8bb5dc>@@@Z@4HA 0000000180043244     libucrt:per_thread_data.obj
 0004:00002244       $pdata$?fin$0@?0???$?RV<lambda_c36588078e9f5dfd39652860aa6b3aaf>@@AEAV<lambda_ec61778202f4f5fc7e7711acc23c3bca>@@V<lambda_dc9d2797ccde5d239b4a0efae8ebd7db>@@@?$__crt_seh_guarded_call@P6AXH@Z@@QEAAP6AXH@Z$$QEAV<lambda_c36588078e9f5dfd39652860aa6b3aaf>@@AEAV<lambda_ec61778202f4f5fc7e7711acc23c3bca>@@$$QEAV<lambda_dc9d2797ccde5d239b4a0efae8ebd7db>@@@Z@4HA 0000000180043244     libucrt:signal.obj
 0004:00002244       $pdata$?fin$0@?0???$?RV<lambda_fb3a7dec4e47f37f22dae91bb15c9095>@@AEAV<lambda_698284760c8add0bfb0756c19673e34b>@@V<lambda_dfb8eca1e75fef3034a8fb18dd509707>@@@?$__crt_seh_guarded_call@X@@QEAAX$$QEAV<lambda_fb3a7dec4e47f37f22dae91bb15c9095>@@AEAV<lambda_698284760c8add0bfb0756c19673e34b>@@$$QEAV<lambda_dfb8eca1e75fef3034a8fb18dd509707>@@@Z@4HA 0000000180043244     libucrt:per_thread_data.obj
 0004:00002250       $pdata$?fin$0@?0???$?RV<lambda_e24bbb7b643b32fcea6fa61b31d4c984>@@AEAV<lambda_275893d493268fdec8709772e3fcec0e>@@V<lambda_9d71df4d7cf3f480f8d633942495c3b0>@@@?$__crt_seh_guarded_call@H@@QEAAH$$QEAV<lambda_e24bbb7b643b32fcea6fa61b31d4c984>@@AEAV<lambda_275893d493268fdec8709772e3fcec0e>@@$$QEAV<lambda_9d71df4d7cf3f480f8d633942495c3b0>@@@Z@4HA 0000000180043250     libucrt:onexit.obj
 0004:0000225c       $pdata$common_flush_all$fin$0 000000018004325c     libucrt:fflush.obj
 0004:00002268       $pdata$common_flush_all$fin$1 0000000180043268     libucrt:fflush.obj
 0004:00002274       $pdata$?fin$0@?0???$?RV<lambda_7a5ef57ff966f610505f1d28a3d40618>@@AEAV<lambda_b721fa326cdb32351d23dfa67958c160>@@V<lambda_5e0fb27672408a07956fe59e48ccb2aa>@@@?$__crt_seh_guarded_call@H@@QEAAH$$QEAV<lambda_7a5ef57ff966f610505f1d28a3d40618>@@AEAV<lambda_b721fa326cdb32351d23dfa67958c160>@@$$QEAV<lambda_5e0fb27672408a07956fe59e48ccb2aa>@@@Z@4HA 0000000180043274     libucrt:setvbuf.obj
 0004:00002274       $pdata$?fin$0@?0???$?RV<lambda_7b91131dde12e1c3dfc74ff76b3f2eac>@@AEAV<lambda_dd75445284c072d0bd3768540cc698fa>@@V<lambda_16bc4ecb55b4718497c16bceaea2ceaf>@@@?$__crt_seh_guarded_call@H@@QEAAH$$QEAV<lambda_7b91131dde12e1c3dfc74ff76b3f2eac>@@AEAV<lambda_dd75445284c072d0bd3768540cc698fa>@@$$QEAV<lambda_16bc4ecb55b4718497c16bceaea2ceaf>@@@Z@4HA 0000000180043274     libucrt:output.obj
 0004:00002280       $pdata$raise$fin$0         0000000180043280     libucrt:signal.obj
 0004:0000228c       $pdata$_fcloseall$fin$0    000000018004328c     libucrt:closeall.obj
 0004:0000228c       $pdata$?fin$0@?0??__acrt_stdio_allocate_stream@@YA?AV__crt_stdio_stream@@XZ@4HA 000000018004328c     libucrt:stream.obj
 0004:00002298       $pdata$__acrt_update_thread_locale_data$fin$0 0000000180043298     libucrt:locale_refcounting.obj
 0004:00002298       $pdata$__acrt_uninitialize_locale$fin$0 0000000180043298     libucrt:wsetlocale.obj
 0004:000022a4       $pdata$?fin$0@?0???$?RV<lambda_bfedae4ebbf01fab1bb6dcc6a9e276e0>@@AEAV<lambda_2fe9b910cf3cbf4a0ab98a02ba45b3ec>@@V<lambda_237c231691f317818eb88cc1d5d642d6>@@@?$__crt_seh_guarded_call@H@@QEAAH$$QEAV<lambda_bfedae4ebbf01fab1bb6dcc6a9e276e0>@@AEAV<lambda_2fe9b910cf3cbf4a0ab98a02ba45b3ec>@@$$QEAV<lambda_237c231691f317818eb88cc1d5d642d6>@@@Z@4HA 00000001800432a4     libucrt:close.obj
 0004:000022a4       $pdata$?fin$0@?0???$?RV<lambda_b521505b218e5242e90febf6bfebc422>@@AEAV<lambda_6978c1fb23f02e42e1d9e99668cc68aa>@@V<lambda_314360699dd331753a4119843814e9a7>@@@?$__crt_seh_guarded_call@H@@QEAAH$$QEAV<lambda_b521505b218e5242e90febf6bfebc422>@@AEAV<lambda_6978c1fb23f02e42e1d9e99668cc68aa>@@$$QEAV<lambda_314360699dd331753a4119843814e9a7>@@@Z@4HA 00000001800432a4     libucrt:commit.obj
 0004:000022b0       $pdata$_read$fin$0         00000001800432b0     libucrt:read.obj
 0004:000022b0       $pdata$_write$fin$0        00000001800432b0     libucrt:write.obj
 0004:000022b0       $pdata$?fin$0@?0???$common_lseek@_J@@YA_JH_JH@Z@4HA 00000001800432b0     libucrt:lseek.obj
 0004:000022bc       $pdata$__acrt_update_thread_multibyte_data$fin$0 00000001800432bc     libucrt:mbctype.obj
 0004:000022c8       $pdata$_alloc_osfhnd$fin$0 00000001800432c8     libucrt:osfinfo.obj
 0004:000022c8       $pdata$__acrt_initialize_lowio$fin$0 00000001800432c8     libucrt:ioinit.obj
 0004:000022c8       $pdata$__acrt_lowio_ensure_fh_exists$fin$0 00000001800432c8     libucrt:osfinfo.obj
 0004:000022d4       $pdata$?fin$0@?0???$common_sopen_dispatch@D@@YAHQEBDHHHQEAHH@Z@4HA 00000001800432d4     libucrt:open.obj
 0004:000022e0       $pdata$common_control87$filt$0 00000001800432e0     libucrt:ieee.obj
 0004:000022e0       $pdata$_ctrlfp$filt$0      00000001800432e0     libucrt:fpctrl.obj
 0004:000022ec       $pdata$_IsNonwritableInCurrentImage$filt$0 00000001800432ec     LIBCMT:pesect.obj
 0004:000022f8       $pdata$??__F?constructor@Canvas@@2V?$Persistent@VFunctionTemplate@v8@@V?$NonCopyablePersistentTraits@VFunctionTemplate@v8@@@2@@Nan@@A@@YAXXZ 00000001800432f8     Canvas.obj
 0004:00002304       $pdata$??__F?constructor@Gradient@@2V?$Persistent@VFunctionTemplate@v8@@V?$NonCopyablePersistentTraits@VFunctionTemplate@v8@@@2@@Nan@@A@@YAXXZ 0000000180043304     CanvasGradient.obj
 0004:00002310       $pdata$??__F?constructor@Pattern@@2V?$Persistent@VFunctionTemplate@v8@@V?$NonCopyablePersistentTraits@VFunctionTemplate@v8@@@2@@Nan@@A@@YAXXZ 0000000180043310     CanvasPattern.obj
 0004:0000231c       $pdata$??__F?constructor@Context2d@@2V?$Persistent@VFunctionTemplate@v8@@V?$NonCopyablePersistentTraits@VFunctionTemplate@v8@@@2@@Nan@@A@@YAXXZ 000000018004331c     CanvasRenderingContext2d.obj
 0004:00002328       $pdata$??__F?constructor@Image@@2V?$Persistent@VFunctionTemplate@v8@@V?$NonCopyablePersistentTraits@VFunctionTemplate@v8@@@2@@Nan@@A@@YAXXZ 0000000180043328     Image.obj
 0004:00002334       $pdata$??__F?constructor@ImageData@@2V?$Persistent@VFunctionTemplate@v8@@V?$NonCopyablePersistentTraits@VFunctionTemplate@v8@@@2@@Nan@@A@@YAXXZ 0000000180043334     ImageData.obj
 0005:00000000       __guard_fids__             0000000180044000     libucrt:initialization.obj
 0005:00000060       __guard_fids___acrt_show_wide_message_box 0000000180044060     libucrt:crtmbox.obj
 0005:00000064       __guard_fids___acrt_initialize_ptd 0000000180044064     libucrt:per_thread_data.obj
 0005:00000068       __guard_fids__             0000000180044068     libucrt:stdio_initializer.obj
 0005:0000006c       __guard_fids__             000000018004406c     libucrt:stdio_initializer.obj
 0005:00000070       __guard_fids_??$expand_argument_wildcards@D@@YAHQEAD0AEAV?$argument_list@D@?A0xca0879c4@@@Z 0000000180044070     libucrt:argv_wildcards.obj
 0005:00000074       __guard_fids__             0000000180044074     libucrt:locale_initializer.obj
 0005:00000078       __guard_fids__             0000000180044078     libucrt:multibyte_initializer.obj
 0005:0000007c       __guard_fids__             000000018004407c     libucrt:console_output_initializer.obj
 0005:00000080       __guard_fids__             0000000180044080     libucrt:fma3_initializer.obj
 0005:00000084       __guard_fids__             0000000180044084     libcpmt:xthrow.obj
 0005:0000008c       __guard_fids__             000000018004408c     libcpmt:xthrow.obj
 0005:00000094       __guard_fids__             0000000180044094     libcpmt:xthrow.obj
 0005:0000009c       __guard_fids__             000000018004409c     libcpmt:xthrow.obj
 0005:000000a4       __guard_fids_?dllmain_crt_process_attach@@YAHQEAUHINSTANCE__@@QEAX@Z 00000001800440a4     LIBCMT:dll_dllmain.obj
 0005:000000ac       __guard_fids_?dllmain_dispatch@@YAHQEAUHINSTANCE__@@KQEAX@Z 00000001800440ac     LIBCMT:dll_dllmain.obj
 0005:000000b0       __guard_fids__             00000001800440b0     LIBCMT:std_type_info_static.obj
 0005:000000b4       __guard_fids__             00000001800440b4     LIBCMT:throw_bad_alloc.obj
 0005:000000bc       __guard_fids__             00000001800440bc     LIBCMT:guard_support.obj
 0005:000000c0       __guard_fids__             00000001800440c0     libvcruntime:frame.obj
 0005:000000c4       __guard_fids__             00000001800440c4     libvcruntime:frame.obj
 0005:000000cc       __guard_fids___vcrt_initialize_ptd 00000001800440cc     libvcruntime:per_thread_data.obj
 0005:000000d0       __guard_fids__UnwindNestedFrames 00000001800440d0     libvcruntime:trnsctrl.obj
 0006:00000060       $R000000                   0000000180045060     * linker generated manifest res *

 Exports

  ordinal    name

        1    _register_canvas_
